Component: ARM Compiler 5.06 update 7 (build 960) Tool: armlink [4d3601]

==============================================================================

Section Cross References

    startup_stm32f10x_md.o(RESET) refers to startup_stm32f10x_md.o(STACK) for __initial_sp
    startup_stm32f10x_md.o(RESET) refers to startup_stm32f10x_md.o(.text) for Reset_Handler
    startup_stm32f10x_md.o(RESET) refers to stm32f10x_it.o(i.NMI_Handler) for NMI_Handler
    startup_stm32f10x_md.o(RESET) refers to stm32f10x_it.o(i.HardFault_Handler) for HardFault_Handler
    startup_stm32f10x_md.o(RESET) refers to stm32f10x_it.o(i.MemManage_Handler) for MemManage_Handler
    startup_stm32f10x_md.o(RESET) refers to stm32f10x_it.o(i.BusFault_Handler) for BusFault_Handler
    startup_stm32f10x_md.o(RESET) refers to stm32f10x_it.o(i.UsageFault_Handler) for UsageFault_Handler
    startup_stm32f10x_md.o(RESET) refers to stm32f10x_it.o(i.SVC_Handler) for SVC_Handler
    startup_stm32f10x_md.o(RESET) refers to stm32f10x_it.o(i.DebugMon_Handler) for DebugMon_Handler
    startup_stm32f10x_md.o(RESET) refers to stm32f10x_it.o(i.PendSV_Handler) for PendSV_Handler
    startup_stm32f10x_md.o(RESET) refers to stm32f10x_it.o(i.SysTick_Handler) for SysTick_Handler
    startup_stm32f10x_md.o(RESET) refers to timer.o(i.TIM1_UP_IRQHandler) for TIM1_UP_IRQHandler
    startup_stm32f10x_md.o(RESET) refers to timer.o(i.TIM2_IRQHandler) for TIM2_IRQHandler
    startup_stm32f10x_md.o(RESET) refers to timer.o(i.TIM3_IRQHandler) for TIM3_IRQHandler
    startup_stm32f10x_md.o(RESET) refers to usart.o(i.USART1_IRQHandler) for USART1_IRQHandler
    startup_stm32f10x_md.o(RESET) refers to usart.o(i.USART3_IRQHandler) for USART3_IRQHandler
    startup_stm32f10x_md.o(.text) refers to system_stm32f10x.o(i.SystemInit) for SystemInit
    startup_stm32f10x_md.o(.text) refers to entry.o(.ARM.Collect$$$$00000000) for __main
    stm32f10x_gpio.o(i.GPIO_AFIODeInit) refers to stm32f10x_rcc.o(i.RCC_APB2PeriphResetCmd) for RCC_APB2PeriphResetCmd
    stm32f10x_gpio.o(i.GPIO_DeInit) refers to stm32f10x_rcc.o(i.RCC_APB2PeriphResetCmd) for RCC_APB2PeriphResetCmd
    stm32f10x_rcc.o(i.RCC_GetClocksFreq) refers to stm32f10x_rcc.o(.data) for APBAHBPrescTable
    stm32f10x_rcc.o(i.RCC_WaitForHSEStartUp) refers to stm32f10x_rcc.o(i.RCC_GetFlagStatus) for RCC_GetFlagStatus
    stm32f10x_tim.o(i.TIM_DeInit) refers to stm32f10x_rcc.o(i.RCC_APB2PeriphResetCmd) for RCC_APB2PeriphResetCmd
    stm32f10x_tim.o(i.TIM_DeInit) refers to stm32f10x_rcc.o(i.RCC_APB1PeriphResetCmd) for RCC_APB1PeriphResetCmd
    stm32f10x_tim.o(i.TIM_ETRClockMode1Config) refers to stm32f10x_tim.o(i.TIM_ETRConfig) for TIM_ETRConfig
    stm32f10x_tim.o(i.TIM_ETRClockMode2Config) refers to stm32f10x_tim.o(i.TIM_ETRConfig) for TIM_ETRConfig
    stm32f10x_tim.o(i.TIM_ICInit) refers to stm32f10x_tim.o(i.TI1_Config) for TI1_Config
    stm32f10x_tim.o(i.TIM_ICInit) refers to stm32f10x_tim.o(i.TIM_SetIC1Prescaler) for TIM_SetIC1Prescaler
    stm32f10x_tim.o(i.TIM_ICInit) refers to stm32f10x_tim.o(i.TI2_Config) for TI2_Config
    stm32f10x_tim.o(i.TIM_ICInit) refers to stm32f10x_tim.o(i.TIM_SetIC2Prescaler) for TIM_SetIC2Prescaler
    stm32f10x_tim.o(i.TIM_ICInit) refers to stm32f10x_tim.o(i.TI3_Config) for TI3_Config
    stm32f10x_tim.o(i.TIM_ICInit) refers to stm32f10x_tim.o(i.TIM_SetIC3Prescaler) for TIM_SetIC3Prescaler
    stm32f10x_tim.o(i.TIM_ICInit) refers to stm32f10x_tim.o(i.TI4_Config) for TI4_Config
    stm32f10x_tim.o(i.TIM_ICInit) refers to stm32f10x_tim.o(i.TIM_SetIC4Prescaler) for TIM_SetIC4Prescaler
    stm32f10x_tim.o(i.TIM_ITRxExternalClockConfig) refers to stm32f10x_tim.o(i.TIM_SelectInputTrigger) for TIM_SelectInputTrigger
    stm32f10x_tim.o(i.TIM_PWMIConfig) refers to stm32f10x_tim.o(i.TI1_Config) for TI1_Config
    stm32f10x_tim.o(i.TIM_PWMIConfig) refers to stm32f10x_tim.o(i.TIM_SetIC1Prescaler) for TIM_SetIC1Prescaler
    stm32f10x_tim.o(i.TIM_PWMIConfig) refers to stm32f10x_tim.o(i.TI2_Config) for TI2_Config
    stm32f10x_tim.o(i.TIM_PWMIConfig) refers to stm32f10x_tim.o(i.TIM_SetIC2Prescaler) for TIM_SetIC2Prescaler
    stm32f10x_tim.o(i.TIM_TIxExternalClockConfig) refers to stm32f10x_tim.o(i.TI2_Config) for TI2_Config
    stm32f10x_tim.o(i.TIM_TIxExternalClockConfig) refers to stm32f10x_tim.o(i.TI1_Config) for TI1_Config
    stm32f10x_tim.o(i.TIM_TIxExternalClockConfig) refers to stm32f10x_tim.o(i.TIM_SelectInputTrigger) for TIM_SelectInputTrigger
    stm32f10x_usart.o(i.USART_DeInit) refers to stm32f10x_rcc.o(i.RCC_APB2PeriphResetCmd) for RCC_APB2PeriphResetCmd
    stm32f10x_usart.o(i.USART_DeInit) refers to stm32f10x_rcc.o(i.RCC_APB1PeriphResetCmd) for RCC_APB1PeriphResetCmd
    stm32f10x_usart.o(i.USART_Init) refers to stm32f10x_rcc.o(i.RCC_GetClocksFreq) for RCC_GetClocksFreq
    stm32f10x_adc.o(i.ADC_DeInit) refers to stm32f10x_rcc.o(i.RCC_APB2PeriphResetCmd) for RCC_APB2PeriphResetCmd
[...]
    Removing stm32f10x_tim.o(i.TIM_ForcedOC1Config), (18 bytes).
    Removing stm32f10x_tim.o(i.TIM_ForcedOC2Config), (26 bytes).
    Removing stm32f10x_tim.o(i.TIM_ForcedOC3Config), (18 bytes).
    Removing stm32f10x_tim.o(i.TIM_ForcedOC4Config), (26 bytes).
    Removing stm32f10x_tim.o(i.TIM_GenerateEvent), (4 bytes).
    Removing stm32f10x_tim.o(i.TIM_GetCapture1), (6 bytes).
    Removing stm32f10x_tim.o(i.TIM_GetCapture2), (6 bytes).
    Removing stm32f10x_tim.o(i.TIM_GetCapture3), (6 bytes).
    Removing stm32f10x_tim.o(i.TIM_GetCapture4), (8 bytes).
    Removing stm32f10x_tim.o(i.TIM_GetCounter), (6 bytes).
    Removing stm32f10x_tim.o(i.TIM_GetFlagStatus), (18 bytes).
    Removing stm32f10x_tim.o(i.TIM_GetPrescaler), (6 bytes).
    Removing stm32f10x_tim.o(i.TIM_ICInit), (172 bytes).
    Removing stm32f10x_tim.o(i.TIM_ICStructInit), (18 bytes).
    Removing stm32f10x_tim.o(i.TIM_ITRxExternalClockConfig), (24 bytes).
    Removing stm32f10x_tim.o(i.TIM_InternalClockConfig), (12 bytes).
    Removing stm32f10x_tim.o(i.TIM_OC1FastConfig), (18 bytes).
    Removing stm32f10x_tim.o(i.TIM_OC1Init), (152 bytes).
    Removing stm32f10x_tim.o(i.TIM_OC1NPolarityConfig), (18 bytes).
    Removing stm32f10x_tim.o(i.TIM_OC1PolarityConfig), (18 bytes).
    Removing stm32f10x_tim.o(i.TIM_OC1PreloadConfig), (18 bytes).
    Removing stm32f10x_tim.o(i.TIM_OC2FastConfig), (26 bytes).
    Removing stm32f10x_tim.o(i.TIM_OC2Init), (164 bytes).
    Removing stm32f10x_tim.o(i.TIM_OC2NPolarityConfig), (26 bytes).
    Removing stm32f10x_tim.o(i.TIM_OC2PolarityConfig), (26 bytes).
    Removing stm32f10x_tim.o(i.TIM_OC2PreloadConfig), (26 bytes).
    Removing stm32f10x_tim.o(i.TIM_OC3FastConfig), (18 bytes).
    Removing stm32f10x_tim.o(i.TIM_OC3Init), (160 bytes).
    Removing stm32f10x_tim.o(i.TIM_OC3NPolarityConfig), (26 bytes).
    Removing stm32f10x_tim.o(i.TIM_OC3PolarityConfig), (26 bytes).
    Removing stm32f10x_tim.o(i.TIM_OC3PreloadConfig), (18 bytes).
    Removing stm32f10x_tim.o(i.TIM_OC4FastConfig), (26 bytes).
    Removing stm32f10x_tim.o(i.TIM_OC4Init), (124 bytes).
    Removing stm32f10x_tim.o(i.TIM_OC4PolarityConfig), (26 bytes).
    Removing stm32f10x_tim.o(i.TIM_OC4PreloadConfig), (26 bytes).
    Removing stm32f10x_tim.o(i.TIM_OCStructInit), (20 bytes).
    Removing stm32f10x_tim.o(i.TIM_PWMIConfig), (124 bytes).
    Removing stm32f10x_tim.o(i.TIM_PrescalerConfig), (6 bytes).
    Removing stm32f10x_tim.o(i.TIM_SelectCCDMA), (24 bytes).
    Removing stm32f10x_tim.o(i.TIM_SelectCOM), (24 bytes).
    Removing stm32f10x_tim.o(i.TIM_SelectHallSensor), (24 bytes).
    Removing stm32f10x_tim.o(i.TIM_SelectInputTrigger), (18 bytes).
    Removing stm32f10x_tim.o(i.TIM_SelectMasterSlaveMode), (18 bytes).
    Removing stm32f10x_tim.o(i.TIM_SelectOCxM), (82 bytes).
    Removing stm32f10x_tim.o(i.TIM_SelectOnePulseMode), (18 bytes).
    Removing stm32f10x_tim.o(i.TIM_SelectOutputTrigger), (18 bytes).
    Removing stm32f10x_tim.o(i.TIM_SelectSlaveMode), (18 bytes).
    Removing stm32f10x_tim.o(i.TIM_SetAutoreload), (4 bytes).
    Removing stm32f10x_tim.o(i.TIM_SetClockDivision), (18 bytes).
    Removing stm32f10x_tim.o(i.TIM_SetCompare1), (4 bytes).
    Removing stm32f10x_tim.o(i.TIM_SetCompare2), (4 bytes).
    Removing stm32f10x_tim.o(i.TIM_SetCompare3), (4 bytes).
    Removing stm32f10x_tim.o(i.TIM_SetCompare4), (6 bytes).
    Removing stm32f10x_tim.o(i.TIM_SetIC1Prescaler), (18 bytes).
    Removing stm32f10x_tim.o(i.TIM_SetIC2Prescaler), (26 bytes).
    Removing stm32f10x_tim.o(i.TIM_SetIC3Prescaler), (18 bytes).
    Removing stm32f10x_tim.o(i.TIM_SetIC4Prescaler), (26 bytes).
    Removing stm32f10x_tim.o(i.TIM_TIxExternalClockConfig), (62 bytes).
    Removing stm32f10x_tim.o(i.TIM_TimeBaseStructInit), (18 bytes).
    Removing stm32f10x_tim.o(i.TIM_UpdateDisableConfig), (24 bytes).
    Removing stm32f10x_tim.o(i.TIM_UpdateRequestConfig), (24 bytes).
    Removing stm32f10x_usart.o(i.USART_ClearFlag), (18 bytes).
    Removing stm32f10x_usart.o(i.USART_ClearITPendingBit), (30 bytes).
    Removing stm32f10x_usart.o(i.USART_ClockInit), (34 bytes).
    Removing stm32f10x_usart.o(i.USART_ClockStructInit), (12 bytes).
    Removing stm32f10x_usart.o(i.USART_DMACmd), (18 bytes).
    Removing stm32f10x_usart.o(i.USART_DeInit), (156 bytes).
    Removing stm32f10x_usart.o(i.USART_HalfDuplexCmd), (24 bytes).
    Removing stm32f10x_usart.o(i.USART_IrDACmd), (24 bytes).
    Removing stm32f10x_usart.o(i.USART_IrDAConfig), (18 bytes).
    Removing stm32f10x_usart.o(i.USART_LINBreakDetectLengthConfig), (18 bytes).
    Removing stm32f10x_usart.o(i.USART_LINCmd), (24 bytes).
    Removing stm32f10x_usart.o(i.USART_OneBitMethodCmd), (24 bytes).
    Removing stm32f10x_usart.o(i.USART_OverSampling8Cmd), (22 bytes).
    Removing stm32f10x_usart.o(i.USART_ReceiverWakeUpCmd), (24 bytes).
    Removing stm32f10x_usart.o(i.USART_SendBreak), (10 bytes).
    Removing stm32f10x_usart.o(i.USART_SetAddress), (18 bytes).
    Removing stm32f10x_usart.o(i.USART_SetGuardTime), (16 bytes).
    Removing stm32f10x_usart.o(i.USART_SetPrescaler), (16 bytes).
    Removing stm32f10x_usart.o(i.USART_SmartCardCmd), (24 bytes).
    Removing stm32f10x_usart.o(i.USART_SmartCardNACKCmd), (24 bytes).
    Removing stm32f10x_usart.o(i.USART_StructInit), (24 bytes).
    Removing stm32f10x_usart.o(i.USART_WakeUpConfig), (18 bytes).
    Removing stm32f10x_adc.o(i.ADC_AnalogWatchdogCmd), (20 bytes).
    Removing stm32f10x_adc.o(i.ADC_AnalogWatchdogSingleChannelConfig), (16 bytes).
    Removing stm32f10x_adc.o(i.ADC_AnalogWatchdogThresholdsConfig), (6 bytes).
    Removing stm32f10x_adc.o(i.ADC_AutoInjectedConvCmd), (22 bytes).
    Removing stm32f10x_adc.o(i.ADC_ClearFlag), (6 bytes).
    Removing stm32f10x_adc.o(i.ADC_ClearITPendingBit), (10 bytes).
    Removing stm32f10x_adc.o(i.ADC_Cmd), (22 bytes).
    Removing stm32f10x_adc.o(i.ADC_DMACmd), (22 bytes).
    Removing stm32f10x_adc.o(i.ADC_DeInit), (92 bytes).
    Removing stm32f10x_adc.o(i.ADC_DiscModeChannelCountConfig), (24 bytes).
    Removing stm32f10x_adc.o(i.ADC_DiscModeCmd), (22 bytes).
    Removing stm32f10x_adc.o(i.ADC_ExternalTrigConvCmd), (22 bytes).
    Removing stm32f10x_adc.o(i.ADC_ExternalTrigInjectedConvCmd), (22 bytes).
    Removing stm32f10x_adc.o(i.ADC_ExternalTrigInjectedConvConfig), (16 bytes).
    Removing stm32f10x_adc.o(i.ADC_GetCalibrationStatus), (20 bytes).
    Removing stm32f10x_adc.o(i.ADC_GetConversionValue), (8 bytes).
    Removing stm32f10x_adc.o(i.ADC_GetDualModeConversionValue), (12 bytes).
    Removing stm32f10x_adc.o(i.ADC_GetFlagStatus), (18 bytes).
    Removing stm32f10x_adc.o(i.ADC_GetITStatus), (36 bytes).
    Removing stm32f10x_adc.o(i.ADC_GetInjectedConversionValue), (28 bytes).
    Removing stm32f10x_adc.o(i.ADC_GetResetCalibrationStatus), (20 bytes).
    Removing stm32f10x_adc.o(i.ADC_GetSoftwareStartConvStatus), (20 bytes).
    Removing stm32f10x_adc.o(i.ADC_GetSoftwareStartInjectedConvCmdStatus), (20 bytes).
    Removing stm32f10x_adc.o(i.ADC_ITConfig), (24 bytes).
    Removing stm32f10x_adc.o(i.ADC_Init), (80 bytes).
    Removing stm32f10x_adc.o(i.ADC_InjectedChannelConfig), (130 bytes).
    Removing stm32f10x_adc.o(i.ADC_InjectedDiscModeCmd), (22 bytes).
    Removing stm32f10x_adc.o(i.ADC_InjectedSequencerLengthConfig), (24 bytes).
    Removing stm32f10x_adc.o(i.ADC_RegularChannelConfig), (184 bytes).
    Removing stm32f10x_adc.o(i.ADC_ResetCalibration), (10 bytes).
    Removing stm32f10x_adc.o(i.ADC_SetInjectedOffset), (20 bytes).
    Removing stm32f10x_adc.o(i.ADC_SoftwareStartConvCmd), (22 bytes).
    Removing stm32f10x_adc.o(i.ADC_SoftwareStartInjectedConvCmd), (22 bytes).
    Removing stm32f10x_adc.o(i.ADC_StartCalibration), (10 bytes).
    Removing stm32f10x_adc.o(i.ADC_StructInit), (18 bytes).
    Removing stm32f10x_adc.o(i.ADC_TempSensorVrefintCmd), (36 bytes).
    Removing stm32f10x_flash.o(i.FLASH_EnableWriteProtection), (196 bytes).
    Removing stm32f10x_flash.o(i.FLASH_EraseAllBank1Pages), (72 bytes).
    Removing stm32f10x_flash.o(i.FLASH_EraseAllPages), (72 bytes).
    Removing stm32f10x_flash.o(i.FLASH_EraseOptionBytes), (168 bytes).
    Removing stm32f10x_flash.o(i.FLASH_GetFlagStatus), (48 bytes).
    Removing stm32f10x_flash.o(i.FLASH_GetPrefetchBufferStatus), (24 bytes).
    Removing stm32f10x_flash.o(i.FLASH_GetReadOutProtectionStatus), (24 bytes).
    Removing stm32f10x_flash.o(i.FLASH_GetStatus), (52 bytes).
    Removing stm32f10x_flash.o(i.FLASH_GetUserOptionByte), (12 bytes).
    Removing stm32f10x_flash.o(i.FLASH_GetWriteProtectionOptionByte), (12 bytes).
    Removing stm32f10x_flash.o(i.FLASH_HalfCycleAccessCmd), (28 bytes).
    Removing stm32f10x_flash.o(i.FLASH_ITConfig), (32 bytes).
    Removing stm32f10x_flash.o(i.FLASH_LockBank1), (20 bytes).
    Removing stm32f10x_flash.o(i.FLASH_PrefetchBufferCmd), (28 bytes).
    Removing stm32f10x_flash.o(i.FLASH_ProgramHalfWord), (64 bytes).
    Removing stm32f10x_flash.o(i.FLASH_ProgramOptionByteData), (84 bytes).
    Removing stm32f10x_flash.o(i.FLASH_ReadOutProtection), (172 bytes).
    Removing stm32f10x_flash.o(i.FLASH_SetLatency), (24 bytes).
    Removing stm32f10x_flash.o(i.FLASH_UnlockBank1), (24 bytes).
    Removing stm32f10x_flash.o(i.FLASH_UserOptionByteConfig), (104 bytes).
    Removing stm32f10x_flash.o(i.FLASH_WaitForLastBank1Operation), (38 bytes).
    Removing stm32f10x_rtc.o(i.RTC_ClearFlag), (16 bytes).
    Removing stm32f10x_rtc.o(i.RTC_ClearITPendingBit), (16 bytes).
    Removing stm32f10x_rtc.o(i.RTC_EnterConfigMode), (20 bytes).
    Removing stm32f10x_rtc.o(i.RTC_ExitConfigMode), (20 bytes).
    Removing stm32f10x_rtc.o(i.RTC_GetCounter), (20 bytes).
    Removing stm32f10x_rtc.o(i.RTC_GetDivider), (24 bytes).
    Removing stm32f10x_rtc.o(i.RTC_GetFlagStatus), (24 bytes).
    Removing stm32f10x_rtc.o(i.RTC_GetITStatus), (36 bytes).
    Removing stm32f10x_rtc.o(i.RTC_ITConfig), (32 bytes).
    Removing stm32f10x_rtc.o(i.RTC_SetAlarm), (28 bytes).
    Removing stm32f10x_rtc.o(i.RTC_SetCounter), (28 bytes).
    Removing stm32f10x_rtc.o(i.RTC_SetPrescaler), (32 bytes).
    Removing stm32f10x_rtc.o(i.RTC_WaitForLastTask), (20 bytes).
    Removing stm32f10x_rtc.o(i.RTC_WaitForSynchro), (36 bytes).
    Removing stm32f10x_bkp.o(i.BKP_ClearFlag), (20 bytes).
    Removing stm32f10x_bkp.o(i.BKP_ClearITPendingBit), (20 bytes).
    Removing stm32f10x_bkp.o(i.BKP_DeInit), (16 bytes).
    Removing stm32f10x_bkp.o(i.BKP_GetFlagStatus), (12 bytes).
    Removing stm32f10x_bkp.o(i.BKP_GetITStatus), (12 bytes).
    Removing stm32f10x_bkp.o(i.BKP_ITConfig), (12 bytes).
    Removing stm32f10x_bkp.o(i.BKP_RTCOutputConfig), (28 bytes).
    Removing stm32f10x_bkp.o(i.BKP_ReadBackupRegister), (28 bytes).
    Removing stm32f10x_bkp.o(i.BKP_SetRTCCalibrationValue), (28 bytes).
    Removing stm32f10x_bkp.o(i.BKP_TamperPinCmd), (12 bytes).
    Removing stm32f10x_bkp.o(i.BKP_TamperPinLevelConfig), (12 bytes).
    Removing stm32f10x_bkp.o(i.BKP_WriteBackupRegister), (28 bytes).
    Removing stm32f10x_pwr.o(i.PWR_BackupAccessCmd), (12 bytes).
    Removing stm32f10x_pwr.o(i.PWR_ClearFlag), (20 bytes).
    Removing stm32f10x_pwr.o(i.PWR_DeInit), (22 bytes).
    Removing stm32f10x_pwr.o(i.PWR_EnterSTANDBYMode), (52 bytes).
    Removing stm32f10x_pwr.o(i.PWR_EnterSTOPMode), (64 bytes).
    Removing stm32f10x_pwr.o(i.PWR_GetFlagStatus), (24 bytes).
    Removing stm32f10x_pwr.o(i.PWR_PVDCmd), (12 bytes).
    Removing stm32f10x_pwr.o(i.PWR_PVDLevelConfig), (24 bytes).
    Removing stm32f10x_pwr.o(i.PWR_WakeUpPinCmd), (12 bytes).
    Removing delay.o(i.Delay_Us), (76 bytes).
    Removing sys.o(i.INTX_DISABLE), (4 bytes).
    Removing sys.o(i.INTX_ENABLE), (4 bytes).
    Removing sys.o(i.RCC_Configuration), (102 bytes).
    Removing sys.o(i.WFI_SET), (4 bytes).
    Removing system_stm32f10x.o(i.SystemCoreClockUpdate), (164 bytes).
    Removing usart.o(i.USARTx_Send_Char), (30 bytes).
    Removing tencent_mqtt.o(i.MQTT_Disconnect), (68 bytes).
    Removing tencent_mqtt.o(i.MQTT_Heart_Send), (64 bytes).
    Removing tencent_mqtt.o(i.MQTT_Unsubscribe_Topic), (124 bytes).
    Removing tencent_mqtt.o(.data), (3 bytes).
    Removing mqttconnectclient.o(i.MQTTSerialize_disconnect), (18 bytes).
    Removing mqttconnectclient.o(i.MQTTSerialize_pingreq), (18 bytes).
    Removing mqttconnectclient.o(i.MQTTSerialize_zero), (76 bytes).
    Removing mqttconnectserver.o(i.MQTTDeserialize_connect), (298 bytes).
    Removing mqttconnectserver.o(i.MQTTPacket_checkVersion), (92 bytes).
    Removing mqttconnectserver.o(i.MQTTSerialize_connack), (118 bytes).
    Removing mqttdeserializepublish.o(i.MQTTDeserialize_ack), (108 bytes).
    Removing mqttdeserializepublish.o(i.MQTTDeserialize_publish), (168 bytes).
    Removing mqttformat.o(i.MQTTPacket_getName), (16 bytes).
    Removing mqttformat.o(i.MQTTStringFormat_ack), (100 bytes).
    Removing mqttformat.o(i.MQTTStringFormat_connack), (72 bytes).
    Removing mqttformat.o(i.MQTTStringFormat_connect), (192 bytes).
    Removing mqttformat.o(i.MQTTStringFormat_publish), (84 bytes).
    Removing mqttformat.o(i.MQTTStringFormat_suback), (84 bytes).
    Removing mqttformat.o(i.MQTTStringFormat_subscribe), (120 bytes).
    Removing mqttformat.o(i.MQTTStringFormat_unsubscribe), (104 bytes).
    Removing mqttformat.o(.conststring), (383 bytes).
    Removing mqttformat.o(.data), (60 bytes).
    Removing mqttpacket.o(i.MQTTPacket_decodenb), (104 bytes).
    Removing mqttpacket.o(i.MQTTPacket_equals), (66 bytes).
    Removing mqttpacket.o(i.MQTTPacket_readnb), (204 bytes).
    Removing mqttpacket.o(i.getLenStringLen), (18 bytes).
    Removing mqttpacket.o(i.readMQTTLenString), (58 bytes).
    Removing mqttserializepublish.o(i.MQTTSerialize_ack), (114 bytes).
    Removing mqttserializepublish.o(i.MQTTSerialize_puback), (24 bytes).
    Removing mqttserializepublish.o(i.MQTTSerialize_pubcomp), (24 bytes).
    Removing mqttserializepublish.o(i.MQTTSerialize_pubrel), (26 bytes).
    Removing mqttsubscribeserver.o(i.MQTTDeserialize_subscribe), (166 bytes).
    Removing mqttsubscribeserver.o(i.MQTTSerialize_suback), (120 bytes).
    Removing mqttunsubscribeclient.o(i.MQTTDeserialize_unsuback), (46 bytes).
    Removing mqttunsubscribeclient.o(i.MQTTSerialize_unsubscribe), (166 bytes).
    Removing mqttunsubscribeclient.o(i.MQTTSerialize_unsubscribeLength), (46 bytes).
    Removing mqttunsubscribeserver.o(i.MQTTDeserialize_unsubscribe), (144 bytes).
    Removing mqttunsubscribeserver.o(i.MQTTSerialize_unsuback), (86 bytes).
    Removing transport.o(i.transport_close), (6 bytes).
    Removing transport.o(i.transport_getdatanb), (6 bytes).
    Removing transport.o(i.transport_open), (6 bytes).
    Removing dadd.o(.text), (334 bytes).
    Removing dmul.o(.text), (228 bytes).
    Removing ddiv.o(.text), (222 bytes).
    Removing dfixul.o(.text), (48 bytes).
    Removing cdrcmple.o(.text), (48 bytes).
    Removing depilogue.o(.text), (186 bytes).

303 unused section(s) (total 14598 bytes) removed from the image.

==============================================================================

Image Symbol Table

    Local Symbols

    Symbol Name                              Value     Ov Type        Size  Object(Section)

    ../clib/microlib/ctype/ctype.c           0x00000000   Number         0  isalpha_o.o ABSOLUTE
    ../clib/microlib/ctype/ctype.c           0x00000000   Number         0  isspace_o.o ABSOLUTE
    ../clib/microlib/ctype/ctype.c           0x00000000   Number         0  iscntrl_o.o ABSOLUTE
    ../clib/microlib/ctype/ctype.c           0x00000000   Number         0  isxdigit_o.o ABSOLUTE
    ../clib/microlib/ctype/ctype.c           0x00000000   Number         0  isupper_o.o ABSOLUTE
    ../clib/microlib/ctype/ctype.c           0x00000000   Number         0  isalnum_o.o ABSOLUTE
    ../clib/microlib/ctype/ctype.c           0x00000000   Number         0  ispunct_o.o ABSOLUTE
    ../clib/microlib/ctype/ctype.c           0x00000000   Number         0  ctype_o.o ABSOLUTE
    ../clib/microlib/ctype/ctype.c           0x00000000   Number         0  isblank_o.o ABSOLUTE
    ../clib/microlib/ctype/ctype.c           0x00000000   Number         0  isdigit_o.o ABSOLUTE
    ../clib/microlib/ctype/ctype.c           0x00000000   Number         0  isgraph_o.o ABSOLUTE
    ../clib/microlib/ctype/ctype.c           0x00000000   Number         0  islower_o.o ABSOLUTE
    ../clib/microlib/ctype/ctype.c           0x00000000   Number         0  isprint_o.o ABSOLUTE
    ../clib/microlib/division.c              0x00000000   Number         0  uldiv.o ABSOLUTE
    ../clib/microlib/division.c              0x00000000   Number         0  uidiv.o ABSOLUTE
    ../clib/microlib/errno.c                 0x00000000   Number         0  errno.o ABSOLUTE
    ../clib/microlib/init/entry.s            0x00000000   Number         0  entry5.o ABSOLUTE
    ../clib/microlib/init/entry.s            0x00000000   Number         0  entry9b.o ABSOLUTE
    ../clib/microlib/init/entry.s            0x00000000   Number         0  entry2.o ABSOLUTE
    ../clib/microlib/init/entry.s            0x00000000   Number         0  entry10a.o ABSOLUTE
    ../clib/microlib/init/entry.s            0x00000000   Number         0  entry10b.o ABSOLUTE
    ../clib/microlib/init/entry.s            0x00000000   Number         0  entry11a.o ABSOLUTE
    ../clib/microlib/init/entry.s            0x00000000   Number         0  entry11b.o ABSOLUTE
    ../clib/microlib/init/entry.s            0x00000000   Number         0  entry12a.o ABSOLUTE
    ../clib/microlib/init/entry.s            0x00000000   Number         0  entry12b.o ABSOLUTE
    ../clib/microlib/init/entry.s            0x00000000   Number         0  entry.o ABSOLUTE
    ../clib/microlib/init/entry.s            0x00000000   Number         0  entry9a.o ABSOLUTE
    ../clib/microlib/init/entry.s            0x00000000   Number         0  entry7b.o ABSOLUTE
    ../clib/microlib/init/entry.s            0x00000000   Number         0  entry8b.o ABSOLUTE
    ../clib/microlib/init/entry.s            0x00000000   Number         0  entry7a.o ABSOLUTE
    ../clib/microlib/init/entry.s            0x00000000   Number         0  entry8a.o ABSOLUTE
    ../clib/microlib/longlong.c              0x00000000   Number         0  llshl.o ABSOLUTE
    ../clib/microlib/longlong.c              0x00000000   Number         0  llushr.o ABSOLUTE
    ../clib/microlib/longlong.c              0x00000000   Number         0  llsshr.o ABSOLUTE
    ../clib/microlib/printf/printf.c         0x00000000   Number         0  printf5.o ABSOLUTE
    ../clib/microlib/printf/printf.c         0x00000000   Number         0  printf7.o ABSOLUTE
    ../clib/microlib/printf/printf.c         0x00000000   Number         0  printf8.o ABSOLUTE
    ../clib/microlib/printf/printf.c         0x00000000   Number         0  printfa.o ABSOLUTE
    ../clib/microlib/printf/printf.c         0x00000000   Number         0  printf1.o ABSOLUTE
    ../clib/microlib/printf/printf.c         0x00000000   Number         0  printf2.o ABSOLUTE
    ../clib/microlib/printf/printf.c         0x00000000   Number         0  printf3.o ABSOLUTE
    ../clib/microlib/printf/printf.c         0x00000000   Number         0  printf0.o ABSOLUTE
    ../clib/microlib/printf/printf.c         0x00000000   Number         0  printfb.o ABSOLUTE
    ../clib/microlib/printf/printf.c         0x00000000   Number         0  printf4.o ABSOLUTE
    ../clib/microlib/printf/printf.c         0x00000000   Number         0  printf6.o ABSOLUTE
    ../clib/microlib/printf/stubs.s          0x00000000   Number         0  stubs.o ABSOLUTE
    ../clib/microlib/stdio/streams.c         0x00000000   Number         0  stdout.o ABSOLUTE
    ../clib/microlib/string/memcmp.c         0x00000000   Number         0  memcmp.o ABSOLUTE
    ../clib/microlib/string/memcpy.c         0x00000000   Number         0  memcpya.o ABSOLUTE
    ../clib/microlib/string/memcpy.c         0x00000000   Number         0  memcpyb.o ABSOLUTE
    ../clib/microlib/string/memset.c         0x00000000   Number         0  memseta.o ABSOLUTE
    ../clib/microlib/string/strcmp.c         0x00000000   Number         0  strcmp.o ABSOLUTE
    ../clib/microlib/string/strlen.c         0x00000000   Number         0  strlen.o ABSOLUTE
    ../clib/microlib/string/strncmp.c        0x00000000   Number         0  strncmp.o ABSOLUTE
    ../clib/microlib/string/strstr.c         0x00000000   Number         0  strstr.o ABSOLUTE
    ../clib/microlib/stubs.s                 0x00000000   Number         0  iusefp.o ABSOLUTE
    ../clib/scanf.c                          0x00000000   Number         0  _chval.o ABSOLUTE
    ../clib/scanf.c                          0x00000000   Number         0  strtol.o ABSOLUTE
    ../clib/scanf.c                          0x00000000   Number         0  _strtoul.o ABSOLUTE
    ../clib/scanf.c                          0x00000000   Number         0  atoi.o ABSOLUTE
    ../fplib/microlib/fpadd.c                0x00000000   Number         0  dadd.o ABSOLUTE
    ../fplib/microlib/fpdiv.c                0x00000000   Number         0  ddiv.o ABSOLUTE
    ../fplib/microlib/fpepilogue.c           0x00000000   Number         0  depilogue.o ABSOLUTE
    ../fplib/microlib/fpfix.c                0x00000000   Number         0  dfixul.o ABSOLUTE
    ../fplib/microlib/fpmul.c                0x00000000   Number         0  dmul.o ABSOLUTE
    ..\App\esp8266\esp8266.c                 0x00000000   Number         0  esp8266.o ABSOLUTE
    ..\App\iap\iap.c                         0x00000000   Number         0  iap.o ABSOLUTE
    ..\App\key\key.c                         0x00000000   Number         0  key.o ABSOLUTE
    ..\App\md5\md5.c                         0x00000000   Number         0  md5.o ABSOLUTE
    ..\App\mqtt\MQTTConnectClient.c          0x00000000   Number         0  mqttconnectclient.o ABSOLUTE
    ..\App\mqtt\MQTTConnectServer.c          0x00000000   Number         0  mqttconnectserver.o ABSOLUTE
    ..\App\mqtt\MQTTDeserializePublish.c     0x00000000   Number         0  mqttdeserializepublish.o ABSOLUTE
    ..\App\mqtt\MQTTFormat.c                 0x00000000   Number         0  mqttformat.o ABSOLUTE
    ..\App\mqtt\MQTTPacket.c                 0x00000000   Number         0  mqttpacket.o ABSOLUTE
    ..\App\mqtt\MQTTSerializePublish.c       0x00000000   Number         0  mqttserializepublish.o ABSOLUTE
    ..\App\mqtt\MQTTSubscribeClient.c        0x00000000   Number         0  mqttsubscribeclient.o ABSOLUTE
    ..\App\mqtt\MQTTSubscribeServer.c        0x00000000   Number         0  mqttsubscribeserver.o ABSOLUTE
    ..\App\mqtt\MQTTUnsubscribeClient.c      0x00000000   Number         0  mqttunsubscribeclient.o ABSOLUTE
    ..\App\mqtt\MQTTUnsubscribeServer.c      0x00000000   Number         0  mqttunsubscribeserver.o ABSOLUTE
    ..\App\mqtt\transport.c                  0x00000000   Number         0  transport.o ABSOLUTE
    ..\App\ota\ota.c                         0x00000000   Number         0  ota.o ABSOLUTE
    ..\App\tencentyun\tencent_mqtt.c         0x00000000   Number         0  tencent_mqtt.o ABSOLUTE
    ..\App\timer\timer.c                     0x00000000   Number         0  timer.o ABSOLUTE
    ..\App\usart\usart.c                     0x00000000   Number         0  usart.o ABSOLUTE
    ..\CMSIS\core_cm3.c                      0x00000000   Number         0  core_cm3.o ABSOLUTE
    ..\CMSIS\startup_stm32f10x_md.s          0x00000000   Number         0  startup_stm32f10x_md.o ABSOLUTE
    ..\Library\src\misc.c                    0x00000000   Number         0  misc.o ABSOLUTE
    ..\Library\src\stm32f10x_adc.c           0x00000000   Number         0  stm32f10x_adc.o ABSOLUTE
    ..\Library\src\stm32f10x_bkp.c           0x00000000   Number         0  stm32f10x_bkp.o ABSOLUTE
    ..\Library\src\stm32f10x_flash.c         0x00000000   Number         0  stm32f10x_flash.o ABSOLUTE
    ..\Library\src\stm32f10x_gpio.c          0x00000000   Number         0  stm32f10x_gpio.o ABSOLUTE
    ..\Library\src\stm32f10x_pwr.c           0x00000000   Number         0  stm32f10x_pwr.o ABSOLUTE
    ..\Library\src\stm32f10x_rcc.c           0x00000000   Number         0  stm32f10x_rcc.o ABSOLUTE
    ..\Library\src\stm32f10x_rtc.c           0x00000000   Number         0  stm32f10x_rtc.o ABSOLUTE
    ..\Library\src\stm32f10x_tim.c           0x00000000   Number         0  stm32f10x_tim.o ABSOLUTE
    ..\Library\src\stm32f10x_usart.c         0x00000000   Number         0  stm32f10x_usart.o ABSOLUTE
    ..\System\delay\delay.c                  0x00000000   Number         0  delay.o ABSOLUTE
    ..\System\sys\sys.c                      0x00000000   Number         0  sys.o ABSOLUTE
    ..\User\main.c                           0x00000000   Number         0  main.o ABSOLUTE
    ..\User\stm32f10x_it.c                   0x00000000   Number         0  stm32f10x_it.o ABSOLUTE
    ..\User\system_stm32f10x.c               0x00000000   Number         0  system_stm32f10x.o ABSOLUTE
    ..\\CMSIS\\core_cm3.c                    0x00000000   Number         0  core_cm3.o ABSOLUTE
    ..\\System\\sys\\sys.c                   0x00000000   Number         0  sys.o ABSOLUTE
    cdrcmple.s                               0x00000000   Number         0  cdrcmple.o ABSOLUTE
    dc.s                                     0x00000000   Number         0  dc.o ABSOLUTE
    handlers.s                               0x00000000   Number         0  handlers.o ABSOLUTE
    init.s                                   0x00000000   Number         0  init.o ABSOLUTE
    RESET                                    0x08000000   Section      236  startup_stm32f10x_md.o(RESET)
    .ARM.Collect$$$$00000000                 0x080000ec   Section        0  entry.o(.ARM.Collect$$$$00000000)
    .ARM.Collect$$$$00000001                 0x080000ec   Section        4  entry2.o(.ARM.Collect$$$$00000001)
    .ARM.Collect$$$$00000004                 0x080000f0   Section        4  entry5.o(.ARM.Collect$$$$00000004)
    .ARM.Collect$$$$00000008                 0x080000f4   Section        0  entry7b.o(.ARM.Collect$$$$00000008)
    .ARM.Collect$$$$0000000A                 0x080000f4   Section        0  entry8b.o(.ARM.Collect$$$$0000000A)
    .ARM.Collect$$$$0000000B                 0x080000f4   Section        8  entry9a.o(.ARM.Collect$$$$0000000B)
    .ARM.Collect$$$$0000000E                 0x080000fc   Section        4  entry12b.o(.ARM.Collect$$$$0000000E)
    .ARM.Collect$$$$0000000F                 0x08000100   Section        0  entry10a.o(.ARM.Collect$$$$0000000F)
    .ARM.Collect$$$$00000011                 0x08000100   Section        0  entry11a.o(.ARM.Collect$$$$00000011)
    .ARM.Collect$$$$00002712                 0x08000100   Section        4  entry2.o(.ARM.Collect$$$$00002712)
    __lit__00000000                          0x08000100   Data           4  entry2.o(.ARM.Collect$$$$00002712)
    .emb_text                                0x08000104   Section        6  sys.o(.emb_text)
    .text                                    0x0800010c   Section       36  startup_stm32f10x_md.o(.text)
    .text                                    0x08000130   Section        0  memcpya.o(.text)
    .text                                    0x08000154   Section        0  memseta.o(.text)
    .text                                    0x08000178   Section        0  strstr.o(.text)
    .text                                    0x0800019c   Section        0  strlen.o(.text)
    .text                                    0x080001aa   Section        0  strcmp.o(.text)
    .text                                    0x080001c6   Section        0  atoi.o(.text)
    .text                                    0x080001e0   Section        0  uldiv.o(.text)
    .text                                    0x08000242   Section        0  strtol.o(.text)
    .text                                    0x080002b4   Section       36  init.o(.text)
    .text                                    0x080002d8   Section        0  llshl.o(.text)
    .text                                    0x080002f6   Section        0  llushr.o(.text)
    .text                                    0x08000318   Section        0  ctype_o.o(.text)
    .text                                    0x08000320   Section        0  _strtoul.o(.text)
    .text                                    0x080003be   Section        0  _chval.o(.text)
    i.BusFault_Handler                       0x080003da   Section        0  stm32f10x_it.o(i.BusFault_Handler)
    i.Compute_string_md5                     0x080003e0   Section        0  md5.o(i.Compute_string_md5)
    i.DebugMon_Handler                       0x0800042c   Section        0  stm32f10x_it.o(i.DebugMon_Handler)
    i.Delay_Init                             0x08000430   Section        0  delay.o(i.Delay_Init)
    i.Delay_Ms                               0x08000474   Section        0  delay.o(i.Delay_Ms)
    i.DownLoad_OTA_Firmware                  0x080004c0   Section        0  ota.o(i.DownLoad_OTA_Firmware)
    DownLoad_OTA_Firmware                    0x080004c1   Thumb Code   288  ota.o(i.DownLoad_OTA_Firmware)
    i.ESP_Connect_Server                     0x080006c4   Section        0  esp8266.o(i.ESP_Connect_Server)
    i.ESP_Connect_Wifi                       0x08000714   Section        0  esp8266.o(i.ESP_Connect_Wifi)
    i.ESP_Exit_Unvarnished                   0x08000760   Section        0  esp8266.o(i.ESP_Exit_Unvarnished)
    i.ESP_Reset                              0x08000788   Section        0  esp8266.o(i.ESP_Reset)
    i.ESP_SendCmd                            0x080007bc   Section        0  esp8266.o(i.ESP_SendCmd)
    i.ESP_Set_WorkMode                       0x0800085c   Section        0  esp8266.o(i.ESP_Set_WorkMode)
    i.ESP_UnvarnishedMode_Init               0x0800089c   Section        0  esp8266.o(i.ESP_UnvarnishedMode_Init)
    i.FLASH_ClearFlag                        0x08000960   Section        0  stm32f10x_flash.o(i.FLASH_ClearFlag)
    i.FLASH_ErasePage                        0x0800096c   Section        0  stm32f10x_flash.o(i.FLASH_ErasePage)
    i.FLASH_GetBank1Status                   0x080009b8   Section        0  stm32f10x_flash.o(i.FLASH_GetBank1Status)
    i.FLASH_Lock                             0x080009ec   Section        0  stm32f10x_flash.o(i.FLASH_Lock)
    i.FLASH_ProgramWord                      0x08000a00   Section        0  stm32f10x_flash.o(i.FLASH_ProgramWord)
    i.FLASH_Unlock                           0x08000a6c   Section        0  stm32f10x_flash.o(i.FLASH_Unlock)
    i.FLASH_WaitForLastOperation             0x08000a84   Section        0  stm32f10x_flash.o(i.FLASH_WaitForLastOperation)
    i.GPIO_Init                              0x08000aaa   Section        0  stm32f10x_gpio.o(i.GPIO_Init)
    i.Get_Key_Value                          0x08000bc0   Section        0  key.o(i.Get_Key_Value)
    i.Get_OTA_Firmware                       0x08000c60   Section        0  ota.o(i.Get_OTA_Firmware)
    i.Get_OTA_Info                           0x08000cf4   Section        0  ota.o(i.Get_OTA_Info)
    i.HardFault_Handler                      0x08000e60   Section        0  stm32f10x_it.o(i.HardFault_Handler)
    i.KEY_Init                               0x08000e64   Section        0  key.o(i.KEY_Init)
    i.MD5Decode                              0x08000e9c   Section        0  md5.o(i.MD5Decode)
    i.MD5Encode                              0x08000ece   Section        0  md5.o(i.MD5Encode)
    i.MD5Final                               0x08000f0c   Section        0  md5.o(i.MD5Final)
    i.MD5Init                                0x08000f60   Section        0  md5.o(i.MD5Init)
    i.MD5Transform                           0x08000f84   Section        0  md5.o(i.MD5Transform)
    i.MD5Update                              0x08001758   Section        0  md5.o(i.MD5Update)
    i.MQTTDeserialize_connack                0x080017e4   Section        0  mqttconnectclient.o(i.MQTTDeserialize_connack)
    i.MQTTDeserialize_suback                 0x0800185a   Section        0  mqttsubscribeclient.o(i.MQTTDeserialize_suback)
    i.MQTTPacket_decode                      0x080018ec   Section        0  mqttpacket.o(i.MQTTPacket_decode)
    i.MQTTPacket_decodeBuf                   0x08001944   Section        0  mqttpacket.o(i.MQTTPacket_decodeBuf)
    i.MQTTPacket_encode                      0x08001960   Section        0  mqttpacket.o(i.MQTTPacket_encode)
    i.MQTTPacket_len                         0x08001998   Section        0  mqttpacket.o(i.MQTTPacket_len)
    i.MQTTPacket_read                        0x080019c0   Section        0  mqttpacket.o(i.MQTTPacket_read)
    i.MQTTSerialize_connect                  0x08001a28   Section        0  mqttconnectclient.o(i.MQTTSerialize_connect)
    i.MQTTSerialize_connectLength            0x08001b90   Section        0  mqttconnectclient.o(i.MQTTSerialize_connectLength)
    i.MQTTSerialize_publish                  0x08001c06   Section        0  mqttserializepublish.o(i.MQTTSerialize_publish)
    i.MQTTSerialize_publishLength            0x08001cb6   Section        0  mqttserializepublish.o(i.MQTTSerialize_publishLength)
    i.MQTTSerialize_subscribe                0x08001cd8   Section        0  mqttsubscribeclient.o(i.MQTTSerialize_subscribe)
    i.MQTTSerialize_subscribeLength          0x08001d88   Section        0  mqttsubscribeclient.o(i.MQTTSerialize_subscribeLength)
    i.MQTT_Connect                           0x08001db8   Section        0  tencent_mqtt.o(i.MQTT_Connect)
    i.MQTT_OTA_Init                          0x08001e44   Section        0  ota.o(i.MQTT_OTA_Init)
    i.MQTT_Publish                           0x08001fd8   Section        0  tencent_mqtt.o(i.MQTT_Publish)
    i.MQTT_Subscribe_Topic                   0x08002030   Section        0  tencent_mqtt.o(i.MQTT_Subscribe_Topic)
    i.MQTTstrlen                             0x080020c0   Section        0  mqttpacket.o(i.MQTTstrlen)
    i.MemManage_Handler                      0x080020d8   Section        0  stm32f10x_it.o(i.MemManage_Handler)
    i.NMI_Handler                            0x080020dc   Section        0  stm32f10x_it.o(i.NMI_Handler)
    i.NVIC_Init                              0x080020e0   Section        0  misc.o(i.NVIC_Init)
    i.NVIC_PriorityGroupConfig               0x08002150   Section        0  misc.o(i.NVIC_PriorityGroupConfig)
    i.PendSV_Handler                         0x08002164   Section        0  stm32f10x_it.o(i.PendSV_Handler)
    i.RCC_APB1PeriphClockCmd                 0x08002168   Section        0  stm32f10x_rcc.o(i.RCC_APB1PeriphClockCmd)
    i.RCC_APB2PeriphClockCmd                 0x08002188   Section        0  stm32f10x_rcc.o(i.RCC_APB2PeriphClockCmd)
    i.RCC_GetClocksFreq                      0x080021a8   Section        0  stm32f10x_rcc.o(i.RCC_GetClocksFreq)
    i.Read_CurrentFirmwareVersion            0x0800227c   Section        0  ota.o(i.Read_CurrentFirmwareVersion)
    i.SVC_Handler                            0x080022a0   Section        0  stm32f10x_it.o(i.SVC_Handler)
    i.SetSysClock                            0x080022a2   Section        0  system_stm32f10x.o(i.SetSysClock)
    SetSysClock                              0x080022a3   Thumb Code     8  system_stm32f10x.o(i.SetSysClock)
    i.SetSysClockTo72                        0x080022ac   Section        0  system_stm32f10x.o(i.SetSysClockTo72)
    SetSysClockTo72                          0x080022ad   Thumb Code   214  system_stm32f10x.o(i.SetSysClockTo72)
    i.Start_OTA_Update                       0x0800238c   Section        0  ota.o(i.Start_OTA_Update)
    i.SysTick_CLKSourceConfig                0x08002494   Section        0  misc.o(i.SysTick_CLKSourceConfig)
    i.SysTick_Handler                        0x080024bc   Section        0  stm32f10x_it.o(i.SysTick_Handler)
    i.SystemInit                             0x080024c0   Section        0  system_stm32f10x.o(i.SystemInit)
    i.TIM1_UP_IRQHandler                     0x08002520   Section        0  timer.o(i.TIM1_UP_IRQHandler)
    i.TIM2_IRQHandler                        0x08002554   Section        0  timer.o(i.TIM2_IRQHandler)
    i.TIM3_IRQHandler                        0x0800256c   Section        0  timer.o(i.TIM3_IRQHandler)
    i.TIM_ClearITPendingBit                  0x080025a0   Section        0  stm32f10x_tim.o(i.TIM_ClearITPendingBit)
    i.TIM_Cmd                                0x080025a6   Section        0  stm32f10x_tim.o(i.TIM_Cmd)
    i.TIM_GetITStatus                        0x080025be   Section        0  stm32f10x_tim.o(i.TIM_GetITStatus)
    i.TIM_ITConfig                           0x080025e0   Section        0  stm32f10x_tim.o(i.TIM_ITConfig)
    i.TIM_SetCounter                         0x080025f2   Section        0  stm32f10x_tim.o(i.TIM_SetCounter)
    i.TIM_TimeBaseInit                       0x080025f8   Section        0  stm32f10x_tim.o(i.TIM_TimeBaseInit)
    i.TIMx_Init                              0x0800269c   Section        0  timer.o(i.TIMx_Init)
    i.USART1_IRQHandler                      0x08002760   Section        0  usart.o(i.USART1_IRQHandler)
    i.USART3_IRQHandler                      0x080027d8   Section        0  usart.o(i.USART3_IRQHandler)
    i.USART_Cmd                              0x0800283c   Section        0  stm32f10x_usart.o(i.USART_Cmd)
    i.USART_GetFlagStatus                    0x08002854   Section        0  stm32f10x_usart.o(i.USART_GetFlagStatus)
    i.USART_GetITStatus                      0x0800286e   Section        0  stm32f10x_usart.o(i.USART_GetITStatus)
    i.USART_ITConfig                         0x080028c2   Section        0  stm32f10x_usart.o(i.USART_ITConfig)
    i.USART_Init                             0x0800290c   Section        0  stm32f10x_usart.o(i.USART_Init)
    i.USART_ReceiveData                      0x080029e4   Section        0  stm32f10x_usart.o(i.USART_ReceiveData)
    i.USART_SendData                         0x080029ee   Section        0  stm32f10x_usart.o(i.USART_SendData)
    i.USARTx_Init                            0x080029f8   Section        0  usart.o(i.USARTx_Init)
    i.USARTx_Send_Buff                       0x08002b74   Section        0  usart.o(i.USARTx_Send_Buff)
    i.USARTx_Send_String                     0x08002ba4   Section        0  usart.o(i.USARTx_Send_String)
    i.Update_FirmwareToApp                   0x08002bcc   Section        0  ota.o(i.Update_FirmwareToApp)
    i.UsageFault_Handler                     0x08002d14   Section        0  stm32f10x_it.o(i.UsageFault_Handler)
    i.Usarts_Init                            0x08002d18   Section        0  usart.o(i.Usarts_Init)
    i.Write_CurrentFirmwareVersion           0x08002d6c   Section        0  ota.o(i.Write_CurrentFirmwareVersion)
    i.__0printf$8                            0x08002d80   Section        0  printf8.o(i.__0printf$8)
    i.__0snprintf$8                          0x08002da0   Section        0  printf8.o(i.__0snprintf$8)
    i.__aeabi_errno_addr                     0x08002dd4   Section        0  errno.o(i.__aeabi_errno_addr)
    i.__scatterload_copy                     0x08002ddc   Section       14  handlers.o(i.__scatterload_copy)
    i.__scatterload_null                     0x08002dea   Section        2  handlers.o(i.__scatterload_null)
    i.__scatterload_zeroinit                 0x08002dec   Section       14  handlers.o(i.__scatterload_zeroinit)
    i._printf_core                           0x08002dfc   Section        0  printf8.o(i._printf_core)
    _printf_core                             0x08002dfd   Thumb Code   984  printf8.o(i._printf_core)
    i._printf_post_padding                   0x08003200   Section        0  printf8.o(i._printf_post_padding)
    _printf_post_padding                     0x08003201   Thumb Code    36  printf8.o(i._printf_post_padding)
    i._printf_pre_padding                    0x08003224   Section        0  printf8.o(i._printf_pre_padding)
    _printf_pre_padding                      0x08003225   Thumb Code    46  printf8.o(i._printf_pre_padding)
    i._snputc                                0x08003252   Section        0  printf8.o(i._snputc)
    _snputc                                  0x08003253   Thumb Code    22  printf8.o(i._snputc)
    i.bufchar                                0x08003268   Section        0  mqttpacket.o(i.bufchar)
    i.fputc                                  0x08003290   Section        0  usart.o(i.fputc)
    i.iap_erase_all_bkp_sector               0x080032b4   Section        0  iap.o(i.iap_erase_all_bkp_sector)
    i.iap_load_app                           0x080032ec   Section        0  iap.o(i.iap_load_app)
    i.iap_write_flash                        0x08003318   Section        0  iap.o(i.iap_write_flash)
    i.main                                   0x080033a4   Section        0  main.o(i.main)
    i.readChar                               0x08003568   Section        0  mqttpacket.o(i.readChar)
    i.readInt                                0x08003576   Section        0  mqttpacket.o(i.readInt)
    i.transport_getdata                      0x08003590   Section        0  transport.o(i.transport_getdata)
    i.transport_sendPacketBuffer             0x08003600   Section        0  transport.o(i.transport_sendPacketBuffer)
    i.writeCString                           0x08003638   Section        0  mqttpacket.o(i.writeCString)
    i.writeChar                              0x08003660   Section        0  mqttpacket.o(i.writeChar)
    i.writeInt                               0x0800366c   Section        0  mqttpacket.o(i.writeInt)
    i.writeMQTTString                        0x0800369c   Section        0  mqttpacket.o(i.writeMQTTString)
    .constdata                               0x080036dc   Section       88  tencent_mqtt.o(.constdata)
    .constdata                               0x08003734   Section      129  ctype_o.o(.constdata)
    .constdata                               0x080037b8   Section        4  ctype_o.o(.constdata)
    table                                    0x080037b8   Data           4  ctype_o.o(.constdata)
    .conststring                             0x080037bc   Section      312  main.o(.conststring)
    .data                                    0x20000000   Section       20  stm32f10x_rcc.o(.data)
    APBAHBPrescTable                         0x20000000   Data          16  stm32f10x_rcc.o(.data)
    ADCPrescTable                            0x20000010   Data           4  stm32f10x_rcc.o(.data)
    .data                                    0x20000014   Section        4  delay.o(.data)
    fac_us                                   0x20000014   Data           1  delay.o(.data)
    fac_ms                                   0x20000016   Data           2  delay.o(.data)
    .data                                    0x20000018   Section       20  system_stm32f10x.o(.data)
    .data                                    0x2000002c   Section        4  iap.o(.data)
    .data                                    0x20000030   Section        1  key.o(.data)
    Flag                                     0x20000030   Data           1  key.o(.data)
    .data                                    0x20000031   Section       64  md5.o(.data)
    .data                                    0x20000074   Section        4  mqttpacket.o(.data)
    bufptr                                   0x20000074   Data           4  mqttpacket.o(.data)
    .data                                    0x20000078   Section        2  transport.o(.data)
    read_count                               0x20000078   Data           2  transport.o(.data)
    .data                                    0x2000007c   Section        4  stdout.o(.data)
    .data                                    0x20000080   Section        4  errno.o(.data)
    _errno                                   0x20000080   Data           4  errno.o(.data)
    .bss                                     0x20000084   Section     8208  usart.o(.bss)
    .bss                                     0x20002094   Section      512  tencent_mqtt.o(.bss)
    STACK                                    0x20002298   Section     2048  startup_stm32f10x_md.o(STACK)

    Global Symbols

    Symbol Name                              Value     Ov Type        Size  Object(Section)

    BuildAttributes$$THM_ISAv4$P$D$K$B$S$PE$A:L22UL41UL21$X:L11$S22US41US21$IEEE1$IW$USESV6$~STKCKD$USESV7$~SHL$OSPACE$ROPI$EBA8$MICROLIB$REQ8$PRES8$EABIv2 0x00000000   Number         0  anon$$obj.o ABSOLUTE
    __ARM_use_no_argv                        0x00000000   Number         0  main.o ABSOLUTE
    _printf_a                                0x00000000   Number         0  stubs.o ABSOLUTE
    _printf_c                                0x00000000   Number         0  stubs.o ABSOLUTE
    _printf_charcount                        0x00000000   Number         0  stubs.o ABSOLUTE
    _printf_d                                0x00000000   Number         0  stubs.o ABSOLUTE
    _printf_e                                0x00000000   Number         0  stubs.o ABSOLUTE
    _printf_f                                0x00000000   Number         0  stubs.o ABSOLUTE
    _printf_flags                            0x00000000   Number         0  stubs.o ABSOLUTE
    _printf_fp_dec                           0x00000000   Number         0  stubs.o ABSOLUTE
    _printf_fp_hex                           0x00000000   Number         0  stubs.o ABSOLUTE
    _printf_g                                0x00000000   Number         0  stubs.o ABSOLUTE
    _printf_i                                0x00000000   Number         0  stubs.o ABSOLUTE
    _printf_int_dec                          0x00000000   Number         0  stubs.o ABSOLUTE
    _printf_l                                0x00000000   Number         0  stubs.o ABSOLUTE
    _printf_lc                               0x00000000   Number         0  stubs.o ABSOLUTE
    _printf_ll                               0x00000000   Number         0  stubs.o ABSOLUTE
    _printf_lld                              0x00000000   Number         0  stubs.o ABSOLUTE
    _printf_lli                              0x00000000   Number         0  stubs.o ABSOLUTE
    _printf_llo                              0x00000000   Number         0  stubs.o ABSOLUTE
    _printf_llu                              0x00000000   Number         0  stubs.o ABSOLUTE
    _printf_llx                              0x00000000   Number         0  stubs.o ABSOLUTE
    _printf_longlong_dec                     0x00000000   Number         0  stubs.o ABSOLUTE
    _printf_longlong_hex                     0x00000000   Number         0  stubs.o ABSOLUTE
    _printf_longlong_oct                     0x00000000   Number         0  stubs.o ABSOLUTE
    _printf_ls                               0x00000000   Number         0  stubs.o ABSOLUTE
    _printf_mbtowc                           0x00000000   Number         0  stubs.o ABSOLUTE
    _printf_n                                0x00000000   Number         0  stubs.o ABSOLUTE
    _printf_o                                0x00000000   Number         0  stubs.o ABSOLUTE
    _printf_p                                0x00000000   Number         0  stubs.o ABSOLUTE
    _printf_percent                          0x00000000   Number         0  stubs.o ABSOLUTE
    _printf_pre_padding                      0x00000000   Number         0  stubs.o ABSOLUTE
    _printf_return_value                     0x00000000   Number         0  stubs.o ABSOLUTE
    _printf_s                                0x00000000   Number         0  stubs.o ABSOLUTE
    _printf_sizespec                         0x00000000   Number         0  stubs.o ABSOLUTE
    _printf_str                              0x00000000   Number         0  stubs.o ABSOLUTE
    _printf_truncate_signed                  0x00000000   Number         0  stubs.o ABSOLUTE
    _printf_truncate_unsigned                0x00000000   Number         0  stubs.o ABSOLUTE
    _printf_u                                0x00000000   Number         0  stubs.o ABSOLUTE
    _printf_wc                               0x00000000   Number         0  stubs.o ABSOLUTE
    _printf_wctomb                           0x00000000   Number         0  stubs.o ABSOLUTE
    _printf_widthprec                        0x00000000   Number         0  stubs.o ABSOLUTE
    _printf_x                                0x00000000   Number         0  stubs.o ABSOLUTE
    __arm_fini_                               - Undefined Weak Reference
    __cpp_initialize__aeabi_                  - Undefined Weak Reference
    __cxa_finalize                            - Undefined Weak Reference
    __decompress                              - Undefined Weak Reference
    _clock_init                               - Undefined Weak Reference
    _microlib_exit                            - Undefined Weak Reference
    __Vectors_Size                           0x000000ec   Number         0  startup_stm32f10x_md.o ABSOLUTE
    __Vectors                                0x08000000   Data           4  startup_stm32f10x_md.o(RESET)
    __Vectors_End                            0x080000ec   Data           0  startup_stm32f10x_md.o(RESET)
    __main                                   0x080000ed   Thumb Code     0  entry.o(.ARM.Collect$$$$00000000)
    _main_stk                                0x080000ed   Thumb Code     0  entry2.o(.ARM.Collect$$$$00000001)
    _main_scatterload                        0x080000f1   Thumb Code     0  entry5.o(.ARM.Collect$$$$00000004)
    __main_after_scatterload                 0x080000f5   Thumb Code     0  entry5.o(.ARM.Collect$$$$00000004)
    _main_clock                              0x080000f5   Thumb Code     0  entry7b.o(.ARM.Collect$$$$00000008)
    _main_cpp_init                           0x080000f5   Thumb Code     0  entry8b.o(.ARM.Collect$$$$0000000A)
    _main_init                               0x080000f5   Thumb Code     0  entry9a.o(.ARM.Collect$$$$0000000B)
    __rt_lib_shutdown_fini                   0x080000fd   Thumb Code     0  entry12b.o(.ARM.Collect$$$$0000000E)
    __rt_final_cpp                           0x08000101   Thumb Code     0  entry10a.o(.ARM.Collect$$$$0000000F)
    __rt_final_exit                          0x08000101   Thumb Code     0  entry11a.o(.ARM.Collect$$$$00000011)
    MSR_MSP                                  0x08000105   Thumb Code     6  sys.o(.emb_text)
    Reset_Handler                            0x0800010d   Thumb Code     8  startup_stm32f10x_md.o(.text)
    ADC1_2_IRQHandler                        0x08000127   Thumb Code     0  startup_stm32f10x_md.o(.text)
    CAN1_RX1_IRQHandler                      0x08000127   Thumb Code     0  startup_stm32f10x_md.o(.text)
    CAN1_SCE_IRQHandler                      0x08000127   Thumb Code     0  startup_stm32f10x_md.o(.text)
    DMA1_Channel1_IRQHandler                 0x08000127   Thumb Code     0  startup_stm32f10x_md.o(.text)
    DMA1_Channel2_IRQHandler                 0x08000127   Thumb Code     0  startup_stm32f10x_md.o(.text)
    DMA1_Channel3_IRQHandler                 0x08000127   Thumb Code     0  startup_stm32f10x_md.o(.text)
    DMA1_Channel4_IRQHandler                 0x08000127   Thumb Code     0  startup_stm32f10x_md.o(.text)
    DMA1_Channel5_IRQHandler                 0x08000127   Thumb Code     0  startup_stm32f10x_md.o(.text)
    DMA1_Channel6_IRQHandler                 0x08000127   Thumb Code     0  startup_stm32f10x_md.o(.text)
    DMA1_Channel7_IRQHandler                 0x08000127   Thumb Code     0  startup_stm32f10x_md.o(.text)
    EXTI0_IRQHandler                         0x08000127   Thumb Code     0  startup_stm32f10x_md.o(.text)
    EXTI15_10_IRQHandler                     0x08000127   Thumb Code     0  startup_stm32f10x_md.o(.text)
    EXTI1_IRQHandler                         0x08000127   Thumb Code     0  startup_stm32f10x_md.o(.text)
    EXTI2_IRQHandler                         0x08000127   Thumb Code     0  startup_stm32f10x_md.o(.text)
    EXTI3_IRQHandler                         0x08000127   Thumb Code     0  startup_stm32f10x_md.o(.text)
    EXTI4_IRQHandler                         0x08000127   Thumb Code     0  startup_stm32f10x_md.o(.text)
    EXTI9_5_IRQHandler                       0x08000127   Thumb Code     0  startup_stm32f10x_md.o(.text)
    FLASH_IRQHandler                         0x08000127   Thumb Code     0  startup_stm32f10x_md.o(.text)
    I2C1_ER_IRQHandler                       0x08000127   Thumb Code     0  startup_stm32f10x_md.o(.text)
    I2C1_EV_IRQHandler                       0x08000127   Thumb Code     0  startup_stm32f10x_md.o(.text)
    I2C2_ER_IRQHandler                       0x08000127   Thumb Code     0  startup_stm32f10x_md.o(.text)
    I2C2_EV_IRQHandler                       0x08000127   Thumb Code     0  startup_stm32f10x_md.o(.text)
    PVD_IRQHandler                           0x08000127   Thumb Code     0  startup_stm32f10x_md.o(.text)
    RCC_IRQHandler                           0x08000127   Thumb Code     0  startup_stm32f10x_md.o(.text)
    RTCAlarm_IRQHandler                      0x08000127   Thumb Code     0  startup_stm32f10x_md.o(.text)
    RTC_IRQHandler                           0x08000127   Thumb Code     0  startup_stm32f10x_md.o(.text)
    SPI1_IRQHandler                          0x08000127   Thumb Code     0  startup_stm32f10x_md.o(.text)
    SPI2_IRQHandler                          0x08000127   Thumb Code     0  startup_stm32f10x_md.o(.text)
    TAMPER_IRQHandler                        0x08000127   Thumb Code     0  startup_stm32f10x_md.o(.text)
    TIM1_BRK_IRQHandler                      0x08000127   Thumb Code     0  startup_stm32f10x_md.o(.text)
    TIM1_CC_IRQHandler                       0x08000127   Thumb Code     0  startup_stm32f10x_md.o(.text)
    TIM1_TRG_COM_IRQHandler                  0x08000127   Thumb Code     0  startup_stm32f10x_md.o(.text)
    TIM4_IRQHandler                          0x08000127   Thumb Code     0  startup_stm32f10x_md.o(.text)
    USART2_IRQHandler                        0x08000127   Thumb Code     0  startup_stm32f10x_md.o(.text)
    USBWakeUp_IRQHandler                     0x08000127   Thumb Code     0  startup_stm32f10x_md.o(.text)
    USB_HP_CAN1_TX_IRQHandler                0x08000127   Thumb Code     0  startup_stm32f10x_md.o(.text)
    USB_LP_CAN1_RX0_IRQHandler               0x08000127   Thumb Code     0  startup_stm32f10x_md.o(.text)
    WWDG_IRQHandler                          0x08000127   Thumb Code     0  startup_stm32f10x_md.o(.text)
    __aeabi_memcpy                           0x08000131   Thumb Code    36  memcpya.o(.text)
    __aeabi_memcpy4                          0x08000131   Thumb Code     0  memcpya.o(.text)
    __aeabi_memcpy8                          0x08000131   Thumb Code     0  memcpya.o(.text)
    __aeabi_memset                           0x08000155   Thumb Code    14  memseta.o(.text)
    __aeabi_memset4                          0x08000155   Thumb Code     0  memseta.o(.text)
    __aeabi_memset8                          0x08000155   Thumb Code     0  memseta.o(.text)
    __aeabi_memclr                           0x08000163   Thumb Code     4  memseta.o(.text)
    __aeabi_memclr4                          0x08000163   Thumb Code     0  memseta.o(.text)
    __aeabi_memclr8                          0x08000163   Thumb Code     0  memseta.o(.text)
    _memset$wrapper                          0x08000167   Thumb Code    18  memseta.o(.text)
    strstr                                   0x08000179   Thumb Code    36  strstr.o(.text)
    strlen                                   0x0800019d   Thumb Code    14  strlen.o(.text)
    strcmp                                   0x080001ab   Thumb Code    28  strcmp.o(.text)
    atoi                                     0x080001c7   Thumb Code    26  atoi.o(.text)
    __aeabi_uldivmod                         0x080001e1   Thumb Code    98  uldiv.o(.text)
    strtol                                   0x08000243   Thumb Code   112  strtol.o(.text)
    __scatterload                            0x080002b5   Thumb Code    28  init.o(.text)
    __scatterload_rt2                        0x080002b5   Thumb Code     0  init.o(.text)
    __aeabi_llsl                             0x080002d9   Thumb Code    30  llshl.o(.text)
    _ll_shift_l                              0x080002d9   Thumb Code     0  llshl.o(.text)
    __aeabi_llsr                             0x080002f7   Thumb Code    32  llushr.o(.text)
    _ll_ushift_r                             0x080002f7   Thumb Code     0  llushr.o(.text)
    __rt_ctype_table                         0x08000319   Thumb Code     4  ctype_o.o(.text)
    _strtoul                                 0x08000321   Thumb Code   158  _strtoul.o(.text)
    _chval                                   0x080003bf   Thumb Code    28  _chval.o(.text)
    BusFault_Handler                         0x080003db   Thumb Code     4  stm32f10x_it.o(i.BusFault_Handler)
    Compute_string_md5                       0x080003e1   Thumb Code    66  md5.o(i.Compute_string_md5)
    DebugMon_Handler                         0x0800042d   Thumb Code     2  stm32f10x_it.o(i.DebugMon_Handler)
    Delay_Init                               0x08000431   Thumb Code    52  delay.o(i.Delay_Init)
    Delay_Ms                                 0x08000475   Thumb Code    72  delay.o(i.Delay_Ms)
    ESP_Connect_Server                       0x080006c5   Thumb Code    46  esp8266.o(i.ESP_Connect_Server)
    ESP_Connect_Wifi                         0x08000715   Thumb Code    48  esp8266.o(i.ESP_Connect_Wifi)
    ESP_Exit_Unvarnished                     0x08000761   Thumb Code    26  esp8266.o(i.ESP_Exit_Unvarnished)
    ESP_Reset                                0x08000789   Thumb Code    36  esp8266.o(i.ESP_Reset)
    ESP_SendCmd                              0x080007bd   Thumb Code   146  esp8266.o(i.ESP_SendCmd)
    ESP_Set_WorkMode                         0x0800085d   Thumb Code    42  esp8266.o(i.ESP_Set_WorkMode)
    ESP_UnvarnishedMode_Init                 0x0800089d   Thumb Code   138  esp8266.o(i.ESP_UnvarnishedMode_Init)
    FLASH_ClearFlag                          0x08000961   Thumb Code     6  stm32f10x_flash.o(i.FLASH_ClearFlag)
    FLASH_ErasePage                          0x0800096d   Thumb Code    72  stm32f10x_flash.o(i.FLASH_ErasePage)
    FLASH_GetBank1Status                     0x080009b9   Thumb Code    48  stm32f10x_flash.o(i.FLASH_GetBank1Status)
    FLASH_Lock                               0x080009ed   Thumb Code    14  stm32f10x_flash.o(i.FLASH_Lock)
    FLASH_ProgramWord                        0x08000a01   Thumb Code   102  stm32f10x_flash.o(i.FLASH_ProgramWord)
    FLASH_Unlock                             0x08000a6d   Thumb Code    12  stm32f10x_flash.o(i.FLASH_Unlock)
    FLASH_WaitForLastOperation               0x08000a85   Thumb Code    38  stm32f10x_flash.o(i.FLASH_WaitForLastOperation)
    GPIO_Init                                0x08000aab   Thumb Code   278  stm32f10x_gpio.o(i.GPIO_Init)
    Get_Key_Value                            0x08000bc1   Thumb Code   150  key.o(i.Get_Key_Value)
    Get_OTA_Firmware                         0x08000c61   Thumb Code    56  ota.o(i.Get_OTA_Firmware)
    Get_OTA_Info                             0x08000cf5   Thumb Code   292  ota.o(i.Get_OTA_Info)
    HardFault_Handler                        0x08000e61   Thumb Code     4  stm32f10x_it.o(i.HardFault_Handler)
    KEY_Init                                 0x08000e65   Thumb Code    52  key.o(i.KEY_Init)
    MD5Decode                                0x08000e9d   Thumb Code    50  md5.o(i.MD5Decode)
    MD5Encode                                0x08000ecf   Thumb Code    62  md5.o(i.MD5Encode)
    MD5Final                                 0x08000f0d   Thumb Code    80  md5.o(i.MD5Final)
    MD5Init                                  0x08000f61   Thumb Code    26  md5.o(i.MD5Init)
    MD5Transform                             0x08000f85   Thumb Code  1898  md5.o(i.MD5Transform)
    MD5Update                                0x08001759   Thumb Code   140  md5.o(i.MD5Update)
    MQTTDeserialize_connack                  0x080017e5   Thumb Code   118  mqttconnectclient.o(i.MQTTDeserialize_connack)
    MQTTDeserialize_suback                   0x0800185b   Thumb Code   146  mqttsubscribeclient.o(i.MQTTDeserialize_suback)
    MQTTPacket_decode                        0x080018ed   Thumb Code    88  mqttpacket.o(i.MQTTPacket_decode)
    MQTTPacket_decodeBuf                     0x08001945   Thumb Code    20  mqttpacket.o(i.MQTTPacket_decodeBuf)
    MQTTPacket_encode                        0x08001961   Thumb Code    54  mqttpacket.o(i.MQTTPacket_encode)
    MQTTPacket_len                           0x08001999   Thumb Code    34  mqttpacket.o(i.MQTTPacket_len)
    MQTTPacket_read                          0x080019c1   Thumb Code   102  mqttpacket.o(i.MQTTPacket_read)
    MQTTSerialize_connect                    0x08001a29   Thumb Code   342  mqttconnectclient.o(i.MQTTSerialize_connect)
    MQTTSerialize_connectLength              0x08001b91   Thumb Code   118  mqttconnectclient.o(i.MQTTSerialize_connectLength)
    MQTTSerialize_publish                    0x08001c07   Thumb Code   176  mqttserializepublish.o(i.MQTTSerialize_publish)
    MQTTSerialize_publishLength              0x08001cb7   Thumb Code    34  mqttserializepublish.o(i.MQTTSerialize_publishLength)
    MQTTSerialize_subscribe                  0x08001cd9   Thumb Code   176  mqttsubscribeclient.o(i.MQTTSerialize_subscribe)
    MQTTSerialize_subscribeLength            0x08001d89   Thumb Code    46  mqttsubscribeclient.o(i.MQTTSerialize_subscribeLength)
    MQTT_Connect                             0x08001db9   Thumb Code   128  tencent_mqtt.o(i.MQTT_Connect)
    MQTT_OTA_Init                            0x08001e45   Thumb Code    74  ota.o(i.MQTT_OTA_Init)
    MQTT_Publish                             0x08001fd9   Thumb Code    84  tencent_mqtt.o(i.MQTT_Publish)
    MQTT_Subscribe_Topic                     0x08002031   Thumb Code   136  tencent_mqtt.o(i.MQTT_Subscribe_Topic)
    MQTTstrlen                               0x080020c1   Thumb Code    24  mqttpacket.o(i.MQTTstrlen)
    MemManage_Handler                        0x080020d9   Thumb Code     4  stm32f10x_it.o(i.MemManage_Handler)
    NMI_Handler                              0x080020dd   Thumb Code     2  stm32f10x_it.o(i.NMI_Handler)
    NVIC_Init                                0x080020e1   Thumb Code   100  misc.o(i.NVIC_Init)
    NVIC_PriorityGroupConfig                 0x08002151   Thumb Code    10  misc.o(i.NVIC_PriorityGroupConfig)
    PendSV_Handler                           0x08002165   Thumb Code     2  stm32f10x_it.o(i.PendSV_Handler)
    RCC_APB1PeriphClockCmd                   0x08002169   Thumb Code    26  stm32f10x_rcc.o(i.RCC_APB1PeriphClockCmd)
    RCC_APB2PeriphClockCmd                   0x08002189   Thumb Code    26  stm32f10x_rcc.o(i.RCC_APB2PeriphClockCmd)
    RCC_GetClocksFreq                        0x080021a9   Thumb Code   192  stm32f10x_rcc.o(i.RCC_GetClocksFreq)
    Read_CurrentFirmwareVersion              0x0800227d   Thumb Code    32  ota.o(i.Read_CurrentFirmwareVersion)
    SVC_Handler                              0x080022a1   Thumb Code     2  stm32f10x_it.o(i.SVC_Handler)
    Start_OTA_Update                         0x0800238d   Thumb Code    76  ota.o(i.Start_OTA_Update)
    SysTick_CLKSourceConfig                  0x08002495   Thumb Code    40  misc.o(i.SysTick_CLKSourceConfig)
    SysTick_Handler                          0x080024bd   Thumb Code     2  stm32f10x_it.o(i.SysTick_Handler)
    SystemInit                               0x080024c1   Thumb Code    78  system_stm32f10x.o(i.SystemInit)
    TIM1_UP_IRQHandler                       0x08002521   Thumb Code    44  timer.o(i.TIM1_UP_IRQHandler)
    TIM2_IRQHandler                          0x08002555   Thumb Code    22  timer.o(i.TIM2_IRQHandler)
    TIM3_IRQHandler                          0x0800256d   Thumb Code    44  timer.o(i.TIM3_IRQHandler)
    TIM_ClearITPendingBit                    0x080025a1   Thumb Code     6  stm32f10x_tim.o(i.TIM_ClearITPendingBit)
    TIM_Cmd                                  0x080025a7   Thumb Code    24  stm32f10x_tim.o(i.TIM_Cmd)
    TIM_GetITStatus                          0x080025bf   Thumb Code    34  stm32f10x_tim.o(i.TIM_GetITStatus)
    TIM_ITConfig                             0x080025e1   Thumb Code    18  stm32f10x_tim.o(i.TIM_ITConfig)
    TIM_SetCounter                           0x080025f3   Thumb Code     4  stm32f10x_tim.o(i.TIM_SetCounter)
    TIM_TimeBaseInit                         0x080025f9   Thumb Code   122  stm32f10x_tim.o(i.TIM_TimeBaseInit)
    TIMx_Init                                0x0800269d   Thumb Code   186  timer.o(i.TIMx_Init)
    USART1_IRQHandler                        0x08002761   Thumb Code   102  usart.o(i.USART1_IRQHandler)
    USART3_IRQHandler                        0x080027d9   Thumb Code    82  usart.o(i.USART3_IRQHandler)
    USART_Cmd                                0x0800283d   Thumb Code    24  stm32f10x_usart.o(i.USART_Cmd)
    USART_GetFlagStatus                      0x08002855   Thumb Code    26  stm32f10x_usart.o(i.USART_GetFlagStatus)
    USART_GetITStatus                        0x0800286f   Thumb Code    84  stm32f10x_usart.o(i.USART_GetITStatus)
    USART_ITConfig                           0x080028c3   Thumb Code    74  stm32f10x_usart.o(i.USART_ITConfig)
    USART_Init                               0x0800290d   Thumb Code   210  stm32f10x_usart.o(i.USART_Init)
    USART_ReceiveData                        0x080029e5   Thumb Code    10  stm32f10x_usart.o(i.USART_ReceiveData)
    USART_SendData                           0x080029ef   Thumb Code     8  stm32f10x_usart.o(i.USART_SendData)
    USARTx_Init                              0x080029f9   Thumb Code   360  usart.o(i.USARTx_Init)
    USARTx_Send_Buff                         0x08002b75   Thumb Code    48  usart.o(i.USARTx_Send_Buff)
    USARTx_Send_String                       0x08002ba5   Thumb Code    40  usart.o(i.USARTx_Send_String)
    Update_FirmwareToApp                     0x08002bcd   Thumb Code   172  ota.o(i.Update_FirmwareToApp)
    UsageFault_Handler                       0x08002d15   Thumb Code     4  stm32f10x_it.o(i.UsageFault_Handler)
    Usarts_Init                              0x08002d19   Thumb Code    58  usart.o(i.Usarts_Init)
    Write_CurrentFirmwareVersion             0x08002d6d   Thumb Code    16  ota.o(i.Write_CurrentFirmwareVersion)
    __0printf$8                              0x08002d81   Thumb Code    22  printf8.o(i.__0printf$8)
    __1printf$8                              0x08002d81   Thumb Code     0  printf8.o(i.__0printf$8)
    __2printf                                0x08002d81   Thumb Code     0  printf8.o(i.__0printf$8)
    __0snprintf$8                            0x08002da1   Thumb Code    48  printf8.o(i.__0snprintf$8)
    __1snprintf$8                            0x08002da1   Thumb Code     0  printf8.o(i.__0snprintf$8)
    __2snprintf                              0x08002da1   Thumb Code     0  printf8.o(i.__0snprintf$8)
    __aeabi_errno_addr                       0x08002dd5   Thumb Code     4  errno.o(i.__aeabi_errno_addr)
    __rt_errno_addr                          0x08002dd5   Thumb Code     0  errno.o(i.__aeabi_errno_addr)
    __scatterload_copy                       0x08002ddd   Thumb Code    14  handlers.o(i.__scatterload_copy)
    __scatterload_null                       0x08002deb   Thumb Code     2  handlers.o(i.__scatterload_null)
    __scatterload_zeroinit                   0x08002ded   Thumb Code    14  handlers.o(i.__scatterload_zeroinit)
    bufchar                                  0x08003269   Thumb Code    36  mqttpacket.o(i.bufchar)
    fputc                                    0x08003291   Thumb Code    32  usart.o(i.fputc)
    iap_erase_all_bkp_sector                 0x080032b5   Thumb Code    56  iap.o(i.iap_erase_all_bkp_sector)
    iap_load_app                             0x080032ed   Thumb Code    36  iap.o(i.iap_load_app)
    iap_write_flash                          0x08003319   Thumb Code   138  iap.o(i.iap_write_flash)
    main                                     0x080033a5   Thumb Code   278  main.o(i.main)
    readChar                                 0x08003569   Thumb Code    14  mqttpacket.o(i.readChar)
    readInt                                  0x08003577   Thumb Code    26  mqttpacket.o(i.readInt)
    transport_getdata                        0x08003591   Thumb Code   100  transport.o(i.transport_getdata)
    transport_sendPacketBuffer               0x08003601   Thumb Code    44  transport.o(i.transport_sendPacketBuffer)
    writeCString                             0x08003639   Thumb Code    40  mqttpacket.o(i.writeCString)
    writeChar                                0x08003661   Thumb Code    12  mqttpacket.o(i.writeChar)
    writeInt                                 0x0800366d   Thumb Code    48  mqttpacket.o(i.writeInt)
    writeMQTTString                          0x0800369d   Thumb Code    62  mqttpacket.o(i.writeMQTTString)
    __ctype_table                            0x08003734   Data         129  ctype_o.o(.constdata)
    Region$$Table$$Base                      0x080038f4   Number         0  anon$$obj.o(Region$$Table)
    Region$$Table$$Limit                     0x08003914   Number         0  anon$$obj.o(Region$$Table)
    SystemCoreClock                          0x20000018   Data           4  system_stm32f10x.o(.data)
    AHBPrescTable                            0x2000001c   Data          16  system_stm32f10x.o(.data)
    jump2app                                 0x2000002c   Data           4  iap.o(.data)
    PADDING                                  0x20000031   Data          64  md5.o(.data)
    __stdout                                 0x2000007c   Data           4  stdout.o(.data)
    usart1                                   0x20000084   Data        4104  usart.o(.bss)
    usart3                                   0x2000108c   Data        4104  usart.o(.bss)
    mqtt_buf                                 0x20002094   Data         512  tencent_mqtt.o(.bss)
    __initial_sp                             0x20002a98   Data           0  startup_stm32f10x_md.o(STACK)



==============================================================================

Memory Map of the image

  Image Entry point : 0x080000ed

  Load Region LR_IROM1 (Base: 0x08000000, Size: 0x00003998, Max: 0x00003c00, ABSOLUTE)

    Execution Region ER_IROM1 (Exec base: 0x08000000, Load base: 0x08000000, Size: 0x00003914, Max: 0x00003c00, ABSOLUTE)

    Exec Addr    Load Addr    Size         Type   Attr      Idx    E Section Name        Object

    0x08000000   0x08000000   0x000000ec   Data   RO           19    RESET               startup_stm32f10x_md.o
    0x080000ec   0x080000ec   0x00000000   Code   RO         2810  * .ARM.Collect$$$$00000000  mc_w.l(entry.o)
    0x080000ec   0x080000ec   0x00000004   Code   RO         3092    .ARM.Collect$$$$00000001  mc_w.l(entry2.o)
    0x080000f0   0x080000f0   0x00000004   Code   RO         3095    .ARM.Collect$$$$00000004  mc_w.l(entry5.o)
    0x080000f4   0x080000f4   0x00000000   Code   RO         3097    .ARM.Collect$$$$00000008  mc_w.l(entry7b.o)
    0x080000f4   0x080000f4   0x00000000   Code   RO         3099    .ARM.Collect$$$$0000000A  mc_w.l(entry8b.o)
    0x080000f4   0x080000f4   0x00000008   Code   RO         3100    .ARM.Collect$$$$0000000B  mc_w.l(entry9a.o)
    0x080000fc   0x080000fc   0x00000004   Code   RO         3107    .ARM.Collect$$$$0000000E  mc_w.l(entry12b.o)
    0x08000100   0x08000100   0x00000000   Code   RO         3102    .ARM.Collect$$$$0000000F  mc_w.l(entry10a.o)
    0x08000100   0x08000100   0x00000000   Code   RO         3104    .ARM.Collect$$$$00000011  mc_w.l(entry11a.o)
    0x08000100   0x08000100   0x00000004   Code   RO         3093    .ARM.Collect$$$$00002712  mc_w.l(entry2.o)
    0x08000104   0x08000104   0x00000006   Code   RO         1841    .emb_text           sys.o
    0x0800010a   0x0800010a   0x00000002   PAD
    0x0800010c   0x0800010c   0x00000024   Code   RO           20    .text               startup_stm32f10x_md.o
    0x08000130   0x08000130   0x00000024   Code   RO         2813    .text               mc_w.l(memcpya.o)
    0x08000154   0x08000154   0x00000024   Code   RO         2815    .text               mc_w.l(memseta.o)
    0x08000178   0x08000178   0x00000024   Code   RO         2817    .text               mc_w.l(strstr.o)
    0x0800019c   0x0800019c   0x0000000e   Code   RO         2819    .text               mc_w.l(strlen.o)
    0x080001aa   0x080001aa   0x0000001c   Code   RO         2821    .text               mc_w.l(strcmp.o)
    0x080001c6   0x080001c6   0x0000001a   Code   RO         3090    .text               mc_w.l(atoi.o)
    0x080001e0   0x080001e0   0x00000062   Code   RO         3111    .text               mc_w.l(uldiv.o)
    0x08000242   0x08000242   0x00000070   Code   RO         3120    .text               mc_w.l(strtol.o)
    0x080002b2   0x080002b2   0x00000002   PAD
    0x080002b4   0x080002b4   0x00000024   Code   RO         3133    .text               mc_w.l(init.o)
    0x080002d8   0x080002d8   0x0000001e   Code   RO         3135    .text               mc_w.l(llshl.o)
    0x080002f6   0x080002f6   0x00000020   Code   RO         3137    .text               mc_w.l(llushr.o)
    0x08000316   0x08000316   0x00000002   PAD
    0x08000318   0x08000318   0x00000008   Code   RO         3141    .text               mc_w.l(ctype_o.o)
    0x08000320   0x08000320   0x0000009e   Code   RO         3169    .text               mc_w.l(_strtoul.o)
    0x080003be   0x080003be   0x0000001c   Code   RO         3173    .text               mc_w.l(_chval.o)
    0x080003da   0x080003da   0x00000004   Code   RO         1911    i.BusFault_Handler  stm32f10x_it.o
    0x080003de   0x080003de   0x00000002   PAD
    0x080003e0   0x080003e0   0x0000004c   Code   RO         2195    i.Compute_string_md5  md5.o
    0x0800042c   0x0800042c   0x00000002   Code   RO         1912    i.DebugMon_Handler  stm32f10x_it.o
    0x0800042e   0x0800042e   0x00000002   PAD
    0x08000430   0x08000430   0x00000044   Code   RO         1809    i.Delay_Init        delay.o
    0x08000474   0x08000474   0x0000004c   Code   RO         1810    i.Delay_Ms          delay.o
    0x080004c0   0x080004c0   0x00000204   Code   RO         2256    i.DownLoad_OTA_Firmware  ota.o
    0x080006c4   0x080006c4   0x00000050   Code   RO         2098    i.ESP_Connect_Server  esp8266.o
    0x08000714   0x08000714   0x0000004c   Code   RO         2099    i.ESP_Connect_Wifi  esp8266.o
    0x08000760   0x08000760   0x00000028   Code   RO         2100    i.ESP_Exit_Unvarnished  esp8266.o
    0x08000788   0x08000788   0x00000034   Code   RO         2101    i.ESP_Reset         esp8266.o
    0x080007bc   0x080007bc   0x000000a0   Code   RO         2102    i.ESP_SendCmd       esp8266.o
    0x0800085c   0x0800085c   0x00000040   Code   RO         2103    i.ESP_Set_WorkMode  esp8266.o
    0x0800089c   0x0800089c   0x000000c4   Code   RO         2104    i.ESP_UnvarnishedMode_Init  esp8266.o
    0x08000960   0x08000960   0x0000000c   Code   RO         1407    i.FLASH_ClearFlag   stm32f10x_flash.o
    0x0800096c   0x0800096c   0x0000004c   Code   RO         1412    i.FLASH_ErasePage   stm32f10x_flash.o
    0x080009b8   0x080009b8   0x00000034   Code   RO         1413    i.FLASH_GetBank1Status  stm32f10x_flash.o
    0x080009ec   0x080009ec   0x00000014   Code   RO         1422    i.FLASH_Lock        stm32f10x_flash.o
    0x08000a00   0x08000a00   0x0000006c   Code   RO         1427    i.FLASH_ProgramWord  stm32f10x_flash.o
    0x08000a6c   0x08000a6c   0x00000018   Code   RO         1430    i.FLASH_Unlock      stm32f10x_flash.o
    0x08000a84   0x08000a84   0x00000026   Code   RO         1434    i.FLASH_WaitForLastOperation  stm32f10x_flash.o
    0x08000aaa   0x08000aaa   0x00000116   Code   RO          149    i.GPIO_Init         stm32f10x_gpio.o
    0x08000bc0   0x08000bc0   0x000000a0   Code   RO         2176    i.Get_Key_Value     key.o
    0x08000c60   0x08000c60   0x00000094   Code   RO         2257    i.Get_OTA_Firmware  ota.o
    0x08000cf4   0x08000cf4   0x0000016c   Code   RO         2258    i.Get_OTA_Info      ota.o
    0x08000e60   0x08000e60   0x00000004   Code   RO         1913    i.HardFault_Handler  stm32f10x_it.o
    0x08000e64   0x08000e64   0x00000038   Code   RO         2177    i.KEY_Init          key.o
    0x08000e9c   0x08000e9c   0x00000032   Code   RO         2196    i.MD5Decode         md5.o
    0x08000ece   0x08000ece   0x0000003e   Code   RO         2197    i.MD5Encode         md5.o
    0x08000f0c   0x08000f0c   0x00000054   Code   RO         2198    i.MD5Final          md5.o
    0x08000f60   0x08000f60   0x00000024   Code   RO         2199    i.MD5Init           md5.o
    0x08000f84   0x08000f84   0x000007d4   Code   RO         2200    i.MD5Transform      md5.o
    0x08001758   0x08001758   0x0000008c   Code   RO         2201    i.MD5Update         md5.o
    0x080017e4   0x080017e4   0x00000076   Code   RO         2390    i.MQTTDeserialize_connack  mqttconnectclient.o
    0x0800185a   0x0800185a   0x00000092   Code   RO         2689    i.MQTTDeserialize_suback  mqttsubscribeclient.o
    0x080018ec   0x080018ec   0x00000058   Code   RO         2532    i.MQTTPacket_decode  mqttpacket.o
    0x08001944   0x08001944   0x0000001c   Code   RO         2533    i.MQTTPacket_decodeBuf  mqttpacket.o
    0x08001960   0x08001960   0x00000036   Code   RO         2535    i.MQTTPacket_encode  mqttpacket.o
    0x08001996   0x08001996   0x00000002   PAD
    0x08001998   0x08001998   0x00000028   Code   RO         2537    i.MQTTPacket_len    mqttpacket.o
    0x080019c0   0x080019c0   0x00000066   Code   RO         2538    i.MQTTPacket_read   mqttpacket.o
    0x08001a26   0x08001a26   0x00000002   PAD
    0x08001a28   0x08001a28   0x00000168   Code   RO         2391    i.MQTTSerialize_connect  mqttconnectclient.o
    0x08001b90   0x08001b90   0x00000076   Code   RO         2392    i.MQTTSerialize_connectLength  mqttconnectclient.o
    0x08001c06   0x08001c06   0x000000b0   Code   RO         2650    i.MQTTSerialize_publish  mqttserializepublish.o
    0x08001cb6   0x08001cb6   0x00000022   Code   RO         2651    i.MQTTSerialize_publishLength  mqttserializepublish.o
    0x08001cd8   0x08001cd8   0x000000b0   Code   RO         2690    i.MQTTSerialize_subscribe  mqttsubscribeclient.o
    0x08001d88   0x08001d88   0x0000002e   Code   RO         2691    i.MQTTSerialize_subscribeLength  mqttsubscribeclient.o
    0x08001db6   0x08001db6   0x00000002   PAD
    0x08001db8   0x08001db8   0x0000008c   Code   RO         2316    i.MQTT_Connect      tencent_mqtt.o
    0x08001e44   0x08001e44   0x00000194   Code   RO         2259    i.MQTT_OTA_Init     ota.o
    0x08001fd8   0x08001fd8   0x00000058   Code   RO         2319    i.MQTT_Publish      tencent_mqtt.o
    0x08002030   0x08002030   0x00000090   Code   RO         2320    i.MQTT_Subscribe_Topic  tencent_mqtt.o
    0x080020c0   0x080020c0   0x00000018   Code   RO         2540    i.MQTTstrlen        mqttpacket.o
    0x080020d8   0x080020d8   0x00000004   Code   RO         1914    i.MemManage_Handler  stm32f10x_it.o
    0x080020dc   0x080020dc   0x00000002   Code   RO         1915    i.NMI_Handler       stm32f10x_it.o
    0x080020de   0x080020de   0x00000002   PAD
    0x080020e0   0x080020e0   0x00000070   Code   RO           24    i.NVIC_Init         misc.o
    0x08002150   0x08002150   0x00000014   Code   RO           25    i.NVIC_PriorityGroupConfig  misc.o
    0x08002164   0x08002164   0x00000002   Code   RO         1916    i.PendSV_Handler    stm32f10x_it.o
    0x08002166   0x08002166   0x00000002   PAD
    0x08002168   0x08002168   0x00000020   Code   RO          259    i.RCC_APB1PeriphClockCmd  stm32f10x_rcc.o
    0x08002188   0x08002188   0x00000020   Code   RO          261    i.RCC_APB2PeriphClockCmd  stm32f10x_rcc.o
    0x080021a8   0x080021a8   0x000000d4   Code   RO          269    i.RCC_GetClocksFreq  stm32f10x_rcc.o
    0x0800227c   0x0800227c   0x00000024   Code   RO         2260    i.Read_CurrentFirmwareVersion  ota.o
    0x080022a0   0x080022a0   0x00000002   Code   RO         1917    i.SVC_Handler       stm32f10x_it.o
    0x080022a2   0x080022a2   0x00000008   Code   RO         1974    i.SetSysClock       system_stm32f10x.o
    0x080022aa   0x080022aa   0x00000002   PAD
    0x080022ac   0x080022ac   0x000000e0   Code   RO         1975    i.SetSysClockTo72   system_stm32f10x.o
    0x0800238c   0x0800238c   0x00000108   Code   RO         2261    i.Start_OTA_Update  ota.o
    0x08002494   0x08002494   0x00000028   Code   RO           28    i.SysTick_CLKSourceConfig  misc.o
    0x080024bc   0x080024bc   0x00000002   Code   RO         1918    i.SysTick_Handler   stm32f10x_it.o
    0x080024be   0x080024be   0x00000002   PAD
    0x080024c0   0x080024c0   0x00000060   Code   RO         1977    i.SystemInit        system_stm32f10x.o
    0x08002520   0x08002520   0x00000034   Code   RO         2008    i.TIM1_UP_IRQHandler  timer.o
    0x08002554   0x08002554   0x00000016   Code   RO         2009    i.TIM2_IRQHandler   timer.o
    0x0800256a   0x0800256a   0x00000002   PAD
    0x0800256c   0x0800256c   0x00000034   Code   RO         2010    i.TIM3_IRQHandler   timer.o
    0x080025a0   0x080025a0   0x00000006   Code   RO          468    i.TIM_ClearITPendingBit  stm32f10x_tim.o
    0x080025a6   0x080025a6   0x00000018   Code   RO          473    i.TIM_Cmd           stm32f10x_tim.o
    0x080025be   0x080025be   0x00000022   Code   RO          494    i.TIM_GetITStatus   stm32f10x_tim.o
    0x080025e0   0x080025e0   0x00000012   Code   RO          498    i.TIM_ITConfig      stm32f10x_tim.o
    0x080025f2   0x080025f2   0x00000004   Code   RO          538    i.TIM_SetCounter    stm32f10x_tim.o
    0x080025f6   0x080025f6   0x00000002   PAD
    0x080025f8   0x080025f8   0x000000a4   Code   RO          544    i.TIM_TimeBaseInit  stm32f10x_tim.o
    0x0800269c   0x0800269c   0x000000c4   Code   RO         2011    i.TIMx_Init         timer.o
    0x08002760   0x08002760   0x00000078   Code   RO         2038    i.USART1_IRQHandler  usart.o
    0x080027d8   0x080027d8   0x00000064   Code   RO         2039    i.USART3_IRQHandler  usart.o
    0x0800283c   0x0800283c   0x00000018   Code   RO         1009    i.USART_Cmd         stm32f10x_usart.o
    0x08002854   0x08002854   0x0000001a   Code   RO         1012    i.USART_GetFlagStatus  stm32f10x_usart.o
    0x0800286e   0x0800286e   0x00000054   Code   RO         1013    i.USART_GetITStatus  stm32f10x_usart.o
    0x080028c2   0x080028c2   0x0000004a   Code   RO         1015    i.USART_ITConfig    stm32f10x_usart.o
    0x0800290c   0x0800290c   0x000000d8   Code   RO         1016    i.USART_Init        stm32f10x_usart.o
    0x080029e4   0x080029e4   0x0000000a   Code   RO         1023    i.USART_ReceiveData  stm32f10x_usart.o
    0x080029ee   0x080029ee   0x00000008   Code   RO         1026    i.USART_SendData    stm32f10x_usart.o
    0x080029f6   0x080029f6   0x00000002   PAD
    0x080029f8   0x080029f8   0x0000017c   Code   RO         2040    i.USARTx_Init       usart.o
    0x08002b74   0x08002b74   0x00000030   Code   RO         2041    i.USARTx_Send_Buff  usart.o
    0x08002ba4   0x08002ba4   0x00000028   Code   RO         2043    i.USARTx_Send_String  usart.o
    0x08002bcc   0x08002bcc   0x00000148   Code   RO         2262    i.Update_FirmwareToApp  ota.o
    0x08002d14   0x08002d14   0x00000004   Code   RO         1919    i.UsageFault_Handler  stm32f10x_it.o
    0x08002d18   0x08002d18   0x00000054   Code   RO         2044    i.Usarts_Init       usart.o
    0x08002d6c   0x08002d6c   0x00000014   Code   RO         2263    i.Write_CurrentFirmwareVersion  ota.o
    0x08002d80   0x08002d80   0x00000020   Code   RO         3036    i.__0printf$8       mc_w.l(printf8.o)
    0x08002da0   0x08002da0   0x00000034   Code   RO         3037    i.__0snprintf$8     mc_w.l(printf8.o)
    0x08002dd4   0x08002dd4   0x00000008   Code   RO         3113    i.__aeabi_errno_addr  mc_w.l(errno.o)
    0x08002ddc   0x08002ddc   0x0000000e   Code   RO         3177    i.__scatterload_copy  mc_w.l(handlers.o)
    0x08002dea   0x08002dea   0x00000002   Code   RO         3178    i.__scatterload_null  mc_w.l(handlers.o)
    0x08002dec   0x08002dec   0x0000000e   Code   RO         3179    i.__scatterload_zeroinit  mc_w.l(handlers.o)
    0x08002dfa   0x08002dfa   0x00000002   PAD
    0x08002dfc   0x08002dfc   0x00000404   Code   RO         3043    i._printf_core      mc_w.l(printf8.o)
    0x08003200   0x08003200   0x00000024   Code   RO         3044    i._printf_post_padding  mc_w.l(printf8.o)
    0x08003224   0x08003224   0x0000002e   Code   RO         3045    i._printf_pre_padding  mc_w.l(printf8.o)
    0x08003252   0x08003252   0x00000016   Code   RO         3046    i._snputc           mc_w.l(printf8.o)
    0x08003268   0x08003268   0x00000028   Code   RO         2541    i.bufchar           mqttpacket.o
    0x08003290   0x08003290   0x00000024   Code   RO         2045    i.fputc             usart.o
    0x080032b4   0x080032b4   0x00000038   Code   RO         2149    i.iap_erase_all_bkp_sector  iap.o
    0x080032ec   0x080032ec   0x0000002c   Code   RO         2150    i.iap_load_app      iap.o
    0x08003318   0x08003318   0x0000008a   Code   RO         2151    i.iap_write_flash   iap.o
    0x080033a2   0x080033a2   0x00000002   PAD
    0x080033a4   0x080033a4   0x000001c4   Code   RO         1875    i.main              main.o
    0x08003568   0x08003568   0x0000000e   Code   RO         2543    i.readChar          mqttpacket.o
    0x08003576   0x08003576   0x0000001a   Code   RO         2544    i.readInt           mqttpacket.o
    0x08003590   0x08003590   0x00000070   Code   RO         2774    i.transport_getdata  transport.o
    0x08003600   0x08003600   0x00000038   Code   RO         2777    i.transport_sendPacketBuffer  transport.o
    0x08003638   0x08003638   0x00000028   Code   RO         2546    i.writeCString      mqttpacket.o
    0x08003660   0x08003660   0x0000000c   Code   RO         2547    i.writeChar         mqttpacket.o
    0x0800366c   0x0800366c   0x00000030   Code   RO         2548    i.writeInt          mqttpacket.o
    0x0800369c   0x0800369c   0x0000003e   Code   RO         2549    i.writeMQTTString   mqttpacket.o
    0x080036da   0x080036da   0x00000002   PAD
    0x080036dc   0x080036dc   0x00000058   Data   RO         2323    .constdata          tencent_mqtt.o
    0x08003734   0x08003734   0x00000081   Data   RO         3142    .constdata          mc_w.l(ctype_o.o)
    0x080037b5   0x080037b5   0x00000003   PAD
    0x080037b8   0x080037b8   0x00000004   Data   RO         3143    .constdata          mc_w.l(ctype_o.o)
    0x080037bc   0x080037bc   0x00000138   Data   RO         1876    .conststring        main.o
    0x080038f4   0x080038f4   0x00000020   Data   RO         3175    Region$$Table       anon$$obj.o


    Execution Region RW_IRAM1 (Exec base: 0x20000000, Load base: 0x08003914, Size: 0x00002a98, Max: 0x00005000, ABSOLUTE)

    Exec Addr    Load Addr    Size         Type   Attr      Idx    E Section Name        Object

    0x20000000   0x08003914   0x00000014   Data   RW          289    .data               stm32f10x_rcc.o
    0x20000014   0x08003928   0x00000004   Data   RW         1812    .data               delay.o
    0x20000018   0x0800392c   0x00000014   Data   RW         1978    .data               system_stm32f10x.o
    0x2000002c   0x08003940   0x00000004   Data   RW         2152    .data               iap.o
    0x20000030   0x08003944   0x00000001   Data   RW         2178    .data               key.o
    0x20000031   0x08003945   0x00000040   Data   RW         2202    .data               md5.o
    0x20000071   0x08003985   0x00000003   PAD
    0x20000074   0x08003988   0x00000004   Data   RW         2550    .data               mqttpacket.o
    0x20000078   0x0800398c   0x00000002   Data   RW         2778    .data               transport.o
    0x2000007a   0x0800398e   0x00000002   PAD
    0x2000007c   0x08003990   0x00000004   Data   RW         3108    .data               mc_w.l(stdout.o)
    0x20000080   0x08003994   0x00000004   Data   RW         3116    .data               mc_w.l(errno.o)
    0x20000084        -       0x00002010   Zero   RW         2046    .bss                usart.o
    0x20002094        -       0x00000200   Zero   RW         2322    .bss                tencent_mqtt.o
    0x20002294   0x08003998   0x00000004   PAD
    0x20002298        -       0x00000800   Zero   RW           17    STACK               startup_stm32f10x_md.o


==============================================================================

Image component sizes


      Code (inc. data)   RO Data    RW Data    ZI Data      Debug   Object Name

         0          0          0          0          0       4532   core_cm3.o
       144         20          0          4          0       1308   delay.o
       668        186          0          0          0       5007   esp8266.o
       238          8          0          4          0       2891   iap.o
       216         14          0          1          0       1247   key.o
       452        174        312          0          0       4127   main.o
      2452        278          0         64          0       7131   md5.o
       172         22          0          0          0     255561   misc.o
       596         18          0          0          0       3092   mqttconnectclient.o
       578         18          0          4          0       8718   mqttpacket.o
       210          0          0          0          0       1834   mqttserializepublish.o
       368          0          0          0          0       3335   mqttsubscribeclient.o
      2080       1074          0          0          0       6061   ota.o
        36          8        236          0       2048        820   startup_stm32f10x_md.o
       330         38          0          0          0       5544   stm32f10x_flash.o
       278          0          0          0          0       2000   stm32f10x_gpio.o
        26          0          0          0          0       4206   stm32f10x_it.o
       276         32          0         20          0       4550   stm32f10x_rcc.o
       250         42          0          0          0       4231   stm32f10x_tim.o
       442          6          0          0          0       6333   stm32f10x_usart.o
         6          0          0          0          0        368   sys.o
       328         28          0         20          0       2357   system_stm32f10x.o
       372         24         88          0        512       6219   tencent_mqtt.o
       322         26          0          0          0       2649   timer.o
       168         24          0          2          0       1469   transport.o
       808         86          0          0       8208       5716   usart.o

    ----------------------------------------------------------------------
     11846       2126        668        124      10772     351306   Object Totals
         0          0         32          0          0          0   (incl. Generated)
        30          0          0          5          4          0   (incl. Padding)

    ----------------------------------------------------------------------

      Code (inc. data)   RO Data    RW Data    ZI Data      Debug   Library Member Name

        28          0          0          0          0         68   _chval.o
       158          0          0          0          0         92   _strtoul.o
        26          0          0          0          0         80   atoi.o
         8          4        133          0          0         68   ctype_o.o
         0          0          0          0          0          0   entry.o
         0          0          0          0          0          0   entry10a.o
         0          0          0          0          0          0   entry11a.o
         4          0          0          0          0          0   entry12b.o
         8          4          0          0          0          0   entry2.o
         4          0          0          0          0          0   entry5.o
         0          0          0          0          0          0   entry7b.o
         0          0          0          0          0          0   entry8b.o
         8          4          0          0          0          0   entry9a.o
         8          4          0          4          0         68   errno.o
        30          0          0          0          0          0   handlers.o
        36          8          0          0          0         68   init.o
        30          0          0          0          0         68   llshl.o
        32          0          0          0          0         68   llushr.o
        36          0          0          0          0         68   memcpya.o
        36          0          0          0          0        108   memseta.o
      1216         58          0          0          0        508   printf8.o
         0          0          0          4          0          0   stdout.o
        28          0          0          0          0         76   strcmp.o
        14          0          0          0          0         68   strlen.o
        36          0          0          0          0         80   strstr.o
       112          0          0          0          0         88   strtol.o
        98          0          0          0          0         92   uldiv.o

    ----------------------------------------------------------------------
      1962         82        136          8          0       1668   Library Totals
         6          0          3          0          0          0   (incl. Padding)

    ----------------------------------------------------------------------

      Code (inc. data)   RO Data    RW Data    ZI Data      Debug   Library Name

      1956         82        133          8          0       1668   mc_w.l

    ----------------------------------------------------------------------
      1962         82        136          8          0       1668   Library Totals

    ----------------------------------------------------------------------

==============================================================================


      Code (inc. data)   RO Data    RW Data    ZI Data      Debug   

     13808       2208        804        132      10772     346886   Grand Totals
     13808       2208        804        132      10772     346886   ELF Image Totals
     13808       2208        804        132          0          0   ROM Totals

==============================================================================

    Total RO  Size (Code + RO Data)                14612 (  14.27kB)
    Total RW  Size (RW Data + ZI Data)             10904 (  10.65kB)
    Total ROM Size (Code + RO Data + RW Data)      14744 (  14.40kB)

==============================================================================

