<html>
<body>
<pre>
<h1>礦ision Build Log</h1>
<h2>Tool Versions:</h2>
IDE-Version: μVision V5.36.0.0
Copyright (C) 2021 ARM Ltd and ARM Germany GmbH. All rights reserved.
License Information: lm lm, lm, LIC=14HV2-9KTTI-DYRV3-AF2V6-4KUDK-TFBBZ
 
Tool Versions:
Toolchain:       MDK-ARM Plus  Version: 5.36.0.0
Toolchain Path:  D:\Keil5\ARM\ARMCC\Bin
C Compiler:      Armcc.exe V5.06 update 7 (build 960)
Assembler:       Armasm.exe V5.06 update 7 (build 960)
Linker/Locator:  ArmLink.exe V5.06 update 7 (build 960)
Library Manager: ArmAr.exe V5.06 update 7 (build 960)
Hex Converter:   FromElf.exe V5.06 update 7 (build 960)
CPU DLL:         SARMCM3.DLL V5.36.0.0
Dialog DLL:      DCM.DLL V1.17.3.0
Target DLL:      UL2CM3.DLL V1.164.0.0
Dialog DLL:      TCM.DLL V1.53.0.0
 
<h2>Project:</h2>
C:\Users\黎明\Desktop\STM32+ESP8266实现在线OTA升级(腾讯云物联网)源码\BootLoader\Project\BootLoader.uvprojx
Project File Date:  09/09/2024

<h2>Output:</h2>
*** Using Compiler 'V5.06 update 7 (build 960)', folder: 'D:\Keil5\ARM\ARMCC\Bin'
Rebuild target 'BootLoader'
assembling startup_stm32f10x_md.s...
compiling core_cm3.c...
compiling misc.c...
compiling stm32f10x_rtc.c...
compiling stm32f10x_pwr.c...
compiling main.c...
compiling stm32f10x_bkp.c...
compiling stm32f10x_flash.c...
compiling delay.c...
compiling stm32f10x_gpio.c...
compiling stm32f10x_tim.c...
compiling stm32f10x_usart.c...
compiling stm32f10x_it.c...
compiling stm32f10x_rcc.c...
compiling stm32f10x_adc.c...
compiling sys.c...
compiling system_stm32f10x.c...
compiling MQTTConnectClient.c...
compiling timer.c...
compiling md5.c...
compiling MQTTConnectServer.c...
compiling MQTTDeserializePublish.c...
compiling MQTTFormat.c...
compiling MQTTSerializePublish.c...
compiling MQTTPacket.c...
compiling esp8266.c...
compiling key.c...
compiling usart.c...
compiling MQTTSubscribeClient.c...
compiling iap.c...
compiling MQTTSubscribeServer.c...
compiling tencent_mqtt.c...
compiling MQTTUnsubscribeClient.c...
compiling ota.c...
compiling MQTTUnsubscribeServer.c...
compiling transport.c...
linking...
Program Size: Code=13808 RO-data=804 RW-data=132 ZI-data=10772  
FromELF: creating hex file...
".\Objects\BootLoader.axf" - 0 Error(s), 0 Warning(s).

<h2>Software Packages used:</h2>

Package Vendor: Keil
                http://www.keil.com/pack/Keil.STM32F1xx_DFP.1.0.5.pack
                Keil.STM32F1xx_DFP.1.0.5
                STMicroelectronics STM32F1 Series Device Support, Drivers and Examples

<h2>Collection of Component include folders:</h2>
  D:\Keil5\PACK_S\Keil\STM32F1xx_DFP\1.0.5\Device\Include

<h2>Collection of Component Files used:</h2>
Build Time Elapsed:  00:00:03
</pre>
</body>
</html>
